[ecs-user@iZ2ze2ssprug783bjpnuqoZ csdn-blogs-export]$ node index.js run 60

开始执行CSDN导出任务！

参数解析成功，runMode: run, dayOffset: 60

初始化浏览器。

原生Cookie文件(./cookie.txt.native.json)不存在，尝试使用传统Cookie文件(./cookie.txt)

传统Cookie文件(./cookie.txt)不存在，跳过Cookie导入

未导入任何Cookie

未检测到任何未登录特征，判定为已登录

经验证，用户已登录

获取文章ID列表，起始日期：2026-07-13，快速模式：true

快速模式-当前已获取符合条件的文章数：19（是否停止：false）

快速模式-当前已获取符合条件的文章数：37（是否停止：false）

快速模式-当前已获取符合条件的文章数：37（是否停止：false）

发现早于2026-07-13的文章（更新日期：2026-06-28），标记停止翻页

快速模式-当前已获取符合条件的文章数：39（是否停止：true）

已遇到早于2026-07-13的文章，停止翻页

快速模式-最终获取符合条件的文章数：39

获取最后编辑时间，并过滤文章ID列表。起始日期: 2026-07-13

根据最后编辑时间过滤文章的处理进度: 1 / 39

根据最后编辑时间过滤文章的处理进度: 2 / 39

根据最后编辑时间过滤文章的处理进度: 3 / 39

根据最后编辑时间过滤文章的处理进度: 4 / 39

根据最后编辑时间过滤文章的处理进度: 5 / 39

根据最后编辑时间过滤文章的处理进度: 6 / 39

根据最后编辑时间过滤文章的处理进度: 7 / 39

根据最后编辑时间过滤文章的处理进度: 8 / 39

根据最后编辑时间过滤文章的处理进度: 9 / 39

根据最后编辑时间过滤文章的处理进度: 10 / 39

根据最后编辑时间过滤文章的处理进度: 11 / 39

根据最后编辑时间过滤文章的处理进度: 12 / 39

根据最后编辑时间过滤文章的处理进度: 13 / 39

根据最后编辑时间过滤文章的处理进度: 14 / 39

根据最后编辑时间过滤文章的处理进度: 15 / 39

根据最后编辑时间过滤文章的处理进度: 16 / 39

根据最后编辑时间过滤文章的处理进度: 17 / 39

根据最后编辑时间过滤文章的处理进度: 18 / 39

根据最后编辑时间过滤文章的处理进度: 19 / 39

根据最后编辑时间过滤文章的处理进度: 20 / 39

根据最后编辑时间过滤文章的处理进度: 21 / 39

根据最后编辑时间过滤文章的处理进度: 22 / 39

根据最后编辑时间过滤文章的处理进度: 23 / 39

根据最后编辑时间过滤文章的处理进度: 24 / 39

根据最后编辑时间过滤文章的处理进度: 25 / 39

根据最后编辑时间过滤文章的处理进度: 26 / 39

根据最后编辑时间过滤文章的处理进度: 27 / 39

根据最后编辑时间过滤文章的处理进度: 28 / 39

根据最后编辑时间过滤文章的处理进度: 29 / 39

根据最后编辑时间过滤文章的处理进度: 30 / 39

根据最后编辑时间过滤文章的处理进度: 31 / 39

根据最后编辑时间过滤文章的处理进度: 32 / 39

根据最后编辑时间过滤文章的处理进度: 33 / 39

根据最后编辑时间过滤文章的处理进度: 34 / 39

根据最后编辑时间过滤文章的处理进度: 35 / 39

根据最后编辑时间过滤文章的处理进度: 36 / 39

根据最后编辑时间过滤文章的处理进度: 37 / 39

根据最后编辑时间过滤文章的处理进度: 38 / 39

处理文章 163021995 时发生错误: Waiting failed: 30000ms exceeded

TimeoutError: Waiting failed: 30000ms exceeded

    at new WaitTask (file:///home/ecs-user/csdn-blogs-export/node_modules/puppeteer-core/lib/esm/puppeteer/common/WaitTask.js:47:34)

    at IsolatedWorld.waitForFunction (file:///home/ecs-user/csdn-blogs-export/node_modules/puppeteer-core/lib/esm/puppeteer/api/Realm.js:22:26)

    at CdpFrame.waitForFunction (file:///home/ecs-user/csdn-blogs-export/node_modules/puppeteer-core/lib/esm/puppeteer/api/Frame.js:555:43)

    at CdpFrame.<anonymous> (file:///home/ecs-user/csdn-blogs-export/node_modules/puppeteer-core/lib/esm/puppeteer/util/decorators.js:94:27)

    at CdpPage.waitForFunction (file:///home/ecs-user/csdn-blogs-export/node_modules/puppeteer-core/lib/esm/puppeteer/api/Page.js:1439:37)

    at filterArticlesByLastTime (file:///home/ecs-user/csdn-blogs-export/index.js:1459:28)

    at async file:///home/ecs-user/csdn-blogs-export/index.js:161:24

已保存失败样本日志：logs/fail-163021995-2026-09-11T01-49-41-509Z.json

进行第1次重试

初始化浏览器。

原生Cookie文件(./cookie.txt.native.json)不存在，尝试使用传统Cookie文件(./cookie.txt)

传统Cookie文件(./cookie.txt)不存在，跳过Cookie导入

未导入任何Cookie

根据最后编辑时间过滤文章的处理进度: 39 / 39

过滤后的文章数量：39。过滤后的文章列表信息： [

  {

    articleId: '164123739',

    url: 'https://blog.csdn.net/zhiyuan411/article/details/164123739?spm=1001.2014.3001.5501',

    editUrl: 'https://editor.csdn.net/md?articleId=164123739&spm=1001.2014.3001.5501',

    lastTime: '2026-09-03 09:57:05',

    subject: null

  },

  {

    articleId: '164324122',

    url: 'https://blog.csdn.net/zhiyuan411/article/details/164324122?spm=1001.2014.3001.5501',

    editUrl: 'https://editor.csdn.net/md?articleId=164324122&spm=1001.2014.3001.5501',

    lastTime: '2026-09-03 09:54:15',

    subject: null

  },

  {

    articleId: '164121380',

    url: 'https://blog.csdn.net/zhiyuan411/article/details/164121380?spm=1001.2014.3001.5501',

    editUrl: 'https://editor.csdn.net/md?articleId=164121380&spm=1001.2014.3001.5501',

    lastTime: '2026-08-27 17:42:28',

    subject: null

  },

  {

    articleId: '164119733',

    url: 'https://blog.csdn.net/zhiyuan411/article/details/164119733?spm=1001.2014.3001.5501',

    editUrl: 'https://editor.csdn.net/md?articleId=164119733&spm=1001.2014.3001.5501',

    lastTime: '2026-08-27 16:42:46',

    subject: null

  },

  {

    articleId: '164048629',

    url: 'https://blog.csdn.net/zhiyuan411/article/details/164048629?spm=1001.2014.3001.5501',

    editUrl: 'https://editor.csdn.net/md?articleId=164048629&spm=1001.2014.3001.5501',

    lastTime: '2026-08-26 14:51:45',

    subject: null

  },

  {

    articleId: '164083866',

    url: 'https://blog.csdn.net/zhiyuan411/article/details/164083866?spm=1001.2014.3001.5501',

    editUrl: 'https://editor.csdn.net/md?articleId=164083866&spm=1001.2014.3001.5501',

    lastTime: '2026-08-26 14:40:22',

    subject: null

  },

  {

    articleId: '164080553',

    url: 'https://blog.csdn.net/zhiyuan411/article/details/164080553?spm=1001.2014.3001.5501',

    editUrl: 'https://editor.csdn.net/md?articleId=164080553&spm=1001.2014.3001.5501',

    lastTime: '2026-08-26 11:10:29',

    subject: null

  },

  {

    articleId: '164027002',

    url: 'https://blog.csdn.net/zhiyuan411/article/details/164027002?spm=1001.2014.3001.5501',

    editUrl: 'https://editor.csdn.net/md?articleId=164027002&spm=1001.2014.3001.5501',

    lastTime: '2026-08-24 17:00:31',

    subject: null

  },

  {

    articleId: '164015553',

    url: 'https://blog.csdn.net/zhiyuan411/article/details/164015553?spm=1001.2014.3001.5501',

    editUrl: 'https://editor.csdn.net/md?articleId=164015553&spm=1001.2014.3001.5501',

    lastTime: '2026-08-24 16:09:16',

    subject: null

  },

  {

    articleId: '163915803',

    url: 'https://blog.csdn.net/zhiyuan411/article/details/163915803?spm=1001.2014.3001.5501',

    editUrl: 'https://editor.csdn.net/md?articleId=163915803&spm=1001.2014.3001.5501',

    lastTime: '2026-08-20 13:26:32',

    subject: null

  },

  {

    articleId: '163914890',

    url: 'https://blog.csdn.net/zhiyuan411/article/details/163914890?spm=1001.2014.3001.5501',

    editUrl: 'https://editor.csdn.net/md?articleId=163914890&spm=1001.2014.3001.5501',

    lastTime: '2026-08-20 13:00:20',

    subject: null

  },

  {

    articleId: '163891496',

    url: 'https://blog.csdn.net/zhiyuan411/article/details/163891496?spm=1001.2014.3001.5501',

    editUrl: 'https://editor.csdn.net/md?articleId=163891496&spm=1001.2014.3001.5501',

    lastTime: '2026-08-19 17:26:06',

    subject: null

  },

  {

    articleId: '163828221',

    url: 'https://blog.csdn.net/zhiyuan411/article/details/163828221?spm=1001.2014.3001.5501',

    editUrl: 'https://editor.csdn.net/md?articleId=163828221&spm=1001.2014.3001.5501',

    lastTime: '2026-08-17 16:59:24',

    subject: null

  },

  {

    articleId: '163827057',

    url: 'https://blog.csdn.net/zhiyuan411/article/details/163827057?spm=1001.2014.3001.5501',

    editUrl: 'https://editor.csdn.net/md?articleId=163827057&spm=1001.2014.3001.5501',

    lastTime: '2026-08-17 16:08:49',

    subject: null

  },

  {

    articleId: '163466857',

    url: 'https://blog.csdn.net/zhiyuan411/article/details/163466857?spm=1001.2014.3001.5501',

    editUrl: 'https://editor.csdn.net/md?articleId=163466857&spm=1001.2014.3001.5501',

    lastTime: '2026-08-04 16:51:36',

    subject: null

  },

  {

    articleId: '163461186',

    url: 'https://blog.csdn.net/zhiyuan411/article/details/163461186?spm=1001.2014.3001.5501',

    editUrl: 'https://editor.csdn.net/md?articleId=163461186&spm=1001.2014.3001.5501',

    lastTime: '2026-08-04 09:59:53',

    subject: null

  },

  {

    articleId: '163446600',

    url: 'https://blog.csdn.net/zhiyuan411/article/details/163446600?spm=1001.2014.3001.5501',

    editUrl: 'https://editor.csdn.net/md?articleId=163446600&spm=1001.2014.3001.5501',

    lastTime: '2026-08-04 10:00:29',

    subject: null

  },

  {

    articleId: '163444134',

    url: 'https://blog.csdn.net/zhiyuan411/article/details/163444134?spm=1001.2014.3001.5501',

    editUrl: 'https://editor.csdn.net/md?articleId=163444134&spm=1001.2014.3001.5501',

    lastTime: '2026-08-03 15:49:27',

    subject: null

  },

  {

    articleId: '163438617',

    url: 'https://blog.csdn.net/zhiyuan411/article/details/163438617?spm=1001.2014.3001.5501',

    editUrl: 'https://editor.csdn.net/md?articleId=163438617&spm=1001.2014.3001.5501',

    lastTime: '2026-08-03 12:37:17',

    subject: '计算机技术杂谈'

  },

  {

    articleId: '163438496',

    url: 'https://blog.csdn.net/zhiyuan411/article/details/163438496?spm=1001.2014.3001.5501',

    editUrl: 'https://editor.csdn.net/md?articleId=163438496&spm=1001.2014.3001.5501',

    lastTime: '2026-08-03 12:36:39',

    subject: '计算机技术杂谈'

  },

  {

    articleId: '163438253',

    url: 'https://blog.csdn.net/zhiyuan411/article/details/163438253?spm=1001.2014.3001.5501',

    editUrl: 'https://editor.csdn.net/md?articleId=163438253&spm=1001.2014.3001.5501',

    lastTime: '2026-08-03 12:35:58',

    subject: '计算机技术杂谈'

  },

  {

    articleId: '163438096',

    url: 'https://blog.csdn.net/zhiyuan411/article/details/163438096?spm=1001.2014.3001.5501',

    editUrl: 'https://editor.csdn.net/md?articleId=163438096&spm=1001.2014.3001.5501',

    lastTime: '2026-08-03 12:35:25',

    subject: '计算机技术杂谈'

  },

  {

    articleId: '163437957',

    url: 'https://blog.csdn.net/zhiyuan411/article/details/163437957?spm=1001.2014.3001.5501',

    editUrl: 'https://editor.csdn.net/md?articleId=163437957&spm=1001.2014.3001.5501',

    lastTime: '2026-08-03 12:34:56',

    subject: '计算机技术杂谈'

  },

  {

    articleId: '163437798',

    url: 'https://blog.csdn.net/zhiyuan411/article/details/163437798?spm=1001.2014.3001.5501',

    editUrl: 'https://editor.csdn.net/md?articleId=163437798&spm=1001.2014.3001.5501',

    lastTime: '2026-08-03 12:34:18',

    subject: '计算机技术杂谈'

  },

  {

    articleId: '163437439',

    url: 'https://blog.csdn.net/zhiyuan411/article/details/163437439?spm=1001.2014.3001.5501',

    editUrl: 'https://editor.csdn.net/md?articleId=163437439&spm=1001.2014.3001.5501',

    lastTime: '2026-08-03 12:33:42',

    subject: '计算机技术杂谈'

  },

  {

    articleId: '163437245',

    url: 'https://blog.csdn.net/zhiyuan411/article/details/163437245?spm=1001.2014.3001.5501',

    editUrl: 'https://editor.csdn.net/md?articleId=163437245&spm=1001.2014.3001.5501',

    lastTime: '2026-08-03 12:33:03',

    subject: '计算机技术杂谈'

  },

  {

    articleId: '163436458',

    url: 'https://blog.csdn.net/zhiyuan411/article/details/163436458?spm=1001.2014.3001.5501',

    editUrl: 'https://editor.csdn.net/md?articleId=163436458&spm=1001.2014.3001.5501',

    lastTime: '2026-08-03 12:32:20',

    subject: '计算机技术杂谈'

  },

  {

    articleId: '48941643',

    url: 'https://blog.csdn.net/zhiyuan411/article/details/48941643?spm=1001.2014.3001.5501',

    editUrl: 'https://mp.csdn.net/console/editor/html/48941643?spm=1001.2014.3001.5501',

    lastTime: '2026-08-01 19:01:12',

    subject: null

  },

  {

    articleId: '151071268',

    url: 'https://blog.csdn.net/zhiyuan411/article/details/151071268?spm=1001.2014.3001.5501',

    editUrl: 'https://editor.csdn.net/md?articleId=151071268&spm=1001.2014.3001.5501',

    lastTime: '2026-07-29 18:32:37',

    subject: null

  },

  {

    articleId: '163247117',

    url: 'https://blog.csdn.net/zhiyuan411/article/details/163247117?spm=1001.2014.3001.5501',

    editUrl: 'https://editor.csdn.net/md?articleId=163247117&spm=1001.2014.3001.5501',

    lastTime: '2026-07-27 17:19:21',

    subject: null

  },

  {

    articleId: '163235467',

    url: 'https://blog.csdn.net/zhiyuan411/article/details/163235467?spm=1001.2014.3001.5501',

    editUrl: 'https://editor.csdn.net/md?articleId=163235467&spm=1001.2014.3001.5501',

    lastTime: '2026-07-27 11:13:14',

    subject: null

  },

  {

    articleId: '163158740',

    url: 'https://blog.csdn.net/zhiyuan411/article/details/163158740?spm=1001.2014.3001.5501',

    editUrl: 'https://editor.csdn.net/md?articleId=163158740&spm=1001.2014.3001.5501',

    lastTime: '2026-07-24 17:33:57',

    subject: null

  },

  {

    articleId: '105025598',

    url: 'https://blog.csdn.net/zhiyuan411/article/details/105025598?spm=1001.2014.3001.5501',

    editUrl: 'https://editor.csdn.net/md?articleId=105025598&spm=1001.2014.3001.5501',

    lastTime: '2026-07-24 13:12:00',

    subject: null

  },

  {

    articleId: '163130973',

    url: 'https://blog.csdn.net/zhiyuan411/article/details/163130973?spm=1001.2014.3001.5501',

    editUrl: 'https://editor.csdn.net/md?articleId=163130973&spm=1001.2014.3001.5501',

    lastTime: '2026-07-23 12:08:46',

    subject: null

  },

  {

    articleId: '163023972',

    url: 'https://blog.csdn.net/zhiyuan411/article/details/163023972?spm=1001.2014.3001.5501',

    editUrl: 'https://editor.csdn.net/md?articleId=163023972&spm=1001.2014.3001.5501',

    lastTime: '2026-07-23 02:10:10',

    subject: null

  },

  {

    articleId: '163103742',

    url: 'https://blog.csdn.net/zhiyuan411/article/details/163103742?spm=1001.2014.3001.5501',

    editUrl: 'https://editor.csdn.net/md?articleId=163103742&spm=1001.2014.3001.5501',

    lastTime: '2026-07-22 12:55:32',

    subject: null

  },

  {

    articleId: '163042861',

    url: 'https://blog.csdn.net/zhiyuan411/article/details/163042861?spm=1001.2014.3001.5501',

    editUrl: 'https://editor.csdn.net/md?articleId=163042861&spm=1001.2014.3001.5501',

    lastTime: '2026-07-20 13:25:17',

    subject: null

  },

  {

    articleId: '155397264',

    url: 'https://blog.csdn.net/zhiyuan411/article/details/155397264?spm=1001.2014.3001.5501',

    editUrl: 'https://editor.csdn.net/md?articleId=155397264&spm=1001.2014.3001.5501',

    lastTime: '2026-07-20 10:00:11',

    subject: null

  },

  {

    articleId: '163021995',

    url: 'https://blog.csdn.net/zhiyuan411/article/details/163021995?spm=1001.2014.3001.5501',

    editUrl: 'https://editor.csdn.net/md?articleId=163021995&spm=1001.2014.3001.5501',

    lastTime: '2026-07-19 17:17:23',

    subject: null

  }

]

下载CSDN文章内容。

已找到 860 个已下载的文章。

已删除文章 164123739 的文件：/var/www/docker/flatnotes/data/164123739-“读多写少”典型产品的技术根源分析.md

正在处理文章 164123739，URL: https://editor.csdn.net/md?articleId=164123739&spm=1001.2014.3001.5501

[API] 文章 164123739 命中响应：GET 200  fromCache=false url=https://bizapi.csdn.net/blog-console-api/v3/editor/getArticle?id=164123739&model_type=

[API] 响应诊断信息： {"method":"GET","url":"https://bizapi.csdn.net/blog-console-api/v3/editor/getArticle?id=164123739&model_type=","status":200,"statusText":"","ok":true,"fromCache":false,"fromServiceWorker":false,"resourceType":"xhr","postData":null,"failure":null,"headers":{"access-control-allow-methods":"GET, POST, PUT, DELETE, OPTIONS","access-control-allow-origin":"https://editor.csdn.net","access-control-max-age":"86400","content-type":"application/json;charset=utf-8","vary":"Origin"}}

文章 164123739 下载成功，保存到 /var/www/docker/flatnotes/data/164123739-“读多写少”典型产品的技术根源分析.md

处理进度: 1 / 39

已删除文章 164324122 的文件：/var/www/docker/flatnotes/data/164324122-不稀有的“贵族”：金属钛.md

正在处理文章 164324122，URL: https://editor.csdn.net/md?articleId=164324122&spm=1001.2014.3001.5501

[API] 文章 164324122 命中响应：GET 200  fromCache=false url=https://bizapi.csdn.net/blog-console-api/v3/editor/getArticle?id=164123739&model_type=

[API] 响应诊断信息： {"method":"GET","url":"https://bizapi.csdn.net/blog-console-api/v3/editor/getArticle?id=164123739&model_type=","status":200,"statusText":"","ok":true,"fromCache":false,"fromServiceWorker":false,"resourceType":"xhr","postData":null,"failure":null,"headers":{"access-control-allow-methods":"GET, POST, PUT, DELETE, OPTIONS","access-control-allow-origin":"https://app-blog.csdn.net","access-control-max-age":"86400","content-type":"application/json;charset=utf-8","vary":"Origin"}}

处理文章 164324122 时发生错误：命中空响应体（无法读取body）：method=GET status=200 contentType=application/json;charset=utf-8 fromCache=false url=https://bizapi.csdn.net/blog-console-api/v3/editor/getArticle?id=164123739&model_type=

Error: 命中空响应体（无法读取body）：method=GET status=200 contentType=application/json;charset=utf-8 fromCache=false url=https://bizapi.csdn.net/blog-console-api/v3/editor/getArticle?id=164123739&model_type=

    at fetchArticleData (file:///home/ecs-user/csdn-blogs-export/index.js:533:15)

    at processTicksAndRejections (node:internal/process/task_queues:96:5)

    at async downloadArticles (file:///home/ecs-user/csdn-blogs-export/index.js:1624:38)

    at async file:///home/ecs-user/csdn-blogs-export/index.js:163:9

已保存失败样本日志：logs/fail-164324122-2026-09-11T01-50-00-285Z.json

进行第1次重试

初始化浏览器。

原生Cookie文件(./cookie.txt.native.json)不存在，尝试使用传统Cookie文件(./cookie.txt)

传统Cookie文件(./cookie.txt)不存在，跳过Cookie导入

未导入任何Cookie

正在处理文章 164324122，URL: https://editor.csdn.net/md?articleId=164324122&spm=1001.2014.3001.5501

[API] 文章 164324122 命中响应：GET 200  fromCache=false url=https://bizapi.csdn.net/blog-console-api/v3/editor/getArticle?id=164324122&model_type=

[API] 响应诊断信息： {"method":"GET","url":"https://bizapi.csdn.net/blog-console-api/v3/editor/getArticle?id=164324122&model_type=","status":200,"statusText":"","ok":true,"fromCache":false,"fromServiceWorker":false,"resourceType":"xhr","postData":null,"failure":null,"headers":{"access-control-allow-methods":"GET, POST, PUT, DELETE, OPTIONS","access-control-allow-origin":"https://editor.csdn.net","access-control-max-age":"86400","content-type":"application/json;charset=utf-8","vary":"Origin"}}

文章 164324122 下载成功，保存到 /var/www/docker/flatnotes/data/164324122-不稀有的“贵族”：金属钛.md

处理进度: 2 / 39

已删除文章 164121380 的文件：/var/www/docker/flatnotes/data/164121380-清醒地活着：通透生活的底层逻辑探究.md

正在处理文章 164121380，URL: https://editor.csdn.net/md?articleId=164121380&spm=1001.2014.3001.5501

[API] 文章 164121380 命中响应：GET 200  fromCache=false url=https://bizapi.csdn.net/blog-console-api/v3/editor/getArticle?id=164324122&model_type=

[API] 响应诊断信息： {"method":"GET","url":"https://bizapi.csdn.net/blog-console-api/v3/editor/getArticle?id=164324122&model_type=","status":200,"statusText":"","ok":true,"fromCache":false,"fromServiceWorker":false,"resourceType":"xhr","postData":null,"failure":null,"headers":{"access-control-allow-methods":"GET, POST, PUT, DELETE, OPTIONS","access-control-allow-origin":"https://app-blog.csdn.net","access-control-max-age":"86400","content-type":"application/json;charset=utf-8","vary":"Origin"}}

处理文章 164121380 时发生错误：命中空响应体（无法读取body）：method=GET status=200 contentType=application/json;charset=utf-8 fromCache=false url=https://bizapi.csdn.net/blog-console-api/v3/editor/getArticle?id=164324122&model_type=

Error: 命中空响应体（无法读取body）：method=GET status=200 contentType=application/json;charset=utf-8 fromCache=false url=https://bizapi.csdn.net/blog-console-api/v3/editor/getArticle?id=164324122&model_type=

    at fetchArticleData (file:///home/ecs-user/csdn-blogs-export/index.js:533:15)

    at processTicksAndRejections (node:internal/process/task_queues:96:5)

    at async downloadArticles (file:///home/ecs-user/csdn-blogs-export/index.js:1624:38)

    at async file:///home/ecs-user/csdn-blogs-export/index.js:163:9

已保存失败样本日志：logs/fail-164121380-2026-09-11T01-50-09-417Z.json

进行第1次重试

初始化浏览器。

原生Cookie文件(./cookie.txt.native.json)不存在，尝试使用传统Cookie文件(./cookie.txt)

传统Cookie文件(./cookie.txt)不存在，跳过Cookie导入

未导入任何Cookie

正在处理文章 164121380，URL: https://editor.csdn.net/md?articleId=164121380&spm=1001.2014.3001.5501

[API] 文章 164121380 命中响应：GET 200  fromCache=false url=https://bizapi.csdn.net/blog-console-api/v3/editor/getArticle?id=164121380&model_type=

[API] 响应诊断信息： {"method":"GET","url":"https://bizapi.csdn.net/blog-console-api/v3/editor/getArticle?id=164121380&model_type=","status":200,"statusText":"","ok":true,"fromCache":false,"fromServiceWorker":false,"resourceType":"xhr","postData":null,"failure":null,"headers":{"access-control-allow-methods":"GET, POST, PUT, DELETE, OPTIONS","access-control-allow-origin":"https://editor.csdn.net","access-control-max-age":"86400","content-type":"application/json;charset=utf-8","vary":"Origin"}}

文章 164121380 下载成功，保存到 /var/www/docker/flatnotes/data/164121380-清醒地活着：通透生活的底层逻辑探究.md

处理进度: 3 / 39

已删除文章 164119733 的文件：/var/www/docker/flatnotes/data/164119733-中国电信云堤 WAF 防护机制逆向分析：从 Managed Challenge 到动态 Cookie 的全链路解析.md

正在处理文章 164119733，URL: https://editor.csdn.net/md?articleId=164119733&spm=1001.2014.3001.5501

[API] 文章 164119733 命中响应：GET 200  fromCache=false url=https://bizapi.csdn.net/blog-console-api/v3/editor/getArticle?id=164119733&model_type=

[API] 响应诊断信息： {"method":"GET","url":"https://bizapi.csdn.net/blog-console-api/v3/editor/getArticle?id=164119733&model_type=","status":200,"statusText":"","ok":true,"fromCache":false,"fromServiceWorker":false,"resourceType":"xhr","postData":null,"failure":null,"headers":{"access-control-allow-methods":"GET, POST, PUT, DELETE, OPTIONS","access-control-allow-origin":"https://editor.csdn.net","access-control-max-age":"86400","content-type":"application/json;charset=utf-8","vary":"Origin"}}

文章 164119733 下载成功，保存到 /var/www/docker/flatnotes/data/164119733-中国电信云堤 WAF 防护机制逆向分析：从 Managed Challenge 到动态 Cookie 的全链路解析.md

处理进度: 4 / 39

已删除文章 164048629 的文件：/var/www/docker/flatnotes/data/164048629-中式英语“转正“考.md

正在处理文章 164048629，URL: https://editor.csdn.net/md?articleId=164048629&spm=1001.2014.3001.5501

[API] 文章 164048629 命中响应：GET 200  fromCache=false url=https://bizapi.csdn.net/blog-console-api/v3/editor/getArticle?id=164048629&model_type=

[API] 响应诊断信息： {"method":"GET","url":"https://bizapi.csdn.net/blog-console-api/v3/editor/getArticle?id=164048629&model_type=","status":200,"statusText":"","ok":true,"fromCache":false,"fromServiceWorker":false,"resourceType":"xhr","postData":null,"failure":null,"headers":{"access-control-allow-methods":"GET, POST, PUT, DELETE, OPTIONS","access-control-allow-origin":"https://editor.csdn.net","access-control-max-age":"86400","content-type":"application/json;charset=utf-8","vary":"Origin"}}

文章 164048629 下载成功，保存到 /var/www/docker/flatnotes/data/164048629-中式英语“转正“考.md

处理进度: 5 / 39

已删除文章 164083866 的文件：/var/www/docker/flatnotes/data/164083866-中文舶来词考.md

正在处理文章 164083866，URL: https://editor.csdn.net/md?articleId=164083866&spm=1001.2014.3001.5501

[API] 文章 164083866 命中响应：GET 200  fromCache=false url=https://bizapi.csdn.net/blog-console-api/v3/editor/getArticle?id=164083866&model_type=

[API] 响应诊断信息： {"method":"GET","url":"https://bizapi.csdn.net/blog-console-api/v3/editor/getArticle?id=164083866&model_type=","status":200,"statusText":"","ok":true,"fromCache":false,"fromServiceWorker":false,"resourceType":"xhr","postData":null,"failure":null,"headers":{"access-control-allow-methods":"GET, POST, PUT, DELETE, OPTIONS","access-control-allow-origin":"https://editor.csdn.net","access-control-max-age":"86400","content-type":"application/json;charset=utf-8","vary":"Origin"}}

文章 164083866 下载成功，保存到 /var/www/docker/flatnotes/data/164083866-中文舶来词考.md

处理进度: 6 / 39

已删除文章 164080553 的文件：/var/www/docker/flatnotes/data/164080553-影游行业内幕解析.md

正在处理文章 164080553，URL: https://editor.csdn.net/md?articleId=164080553&spm=1001.2014.3001.5501

[API] 文章 164080553 命中响应：GET 200  fromCache=false url=https://bizapi.csdn.net/blog-console-api/v3/editor/getArticle?id=164080553&model_type=

[API] 响应诊断信息： {"method":"GET","url":"https://bizapi.csdn.net/blog-console-api/v3/editor/getArticle?id=164080553&model_type=","status":200,"statusText":"","ok":true,"fromCache":false,"fromServiceWorker":false,"resourceType":"xhr","postData":null,"failure":null,"headers":{"access-control-allow-methods":"GET, POST, PUT, DELETE, OPTIONS","access-control-allow-origin":"https://editor.csdn.net","access-control-max-age":"86400","content-type":"application/json;charset=utf-8","vary":"Origin"}}

文章 164080553 下载成功，保存到 /var/www/docker/flatnotes/data/164080553-影游行业内幕解析.md

处理进度: 7 / 39

已删除文章 164027002 的文件：/var/www/docker/flatnotes/data/164027002-风电核心技术解析.md

正在处理文章 164027002，URL: https://editor.csdn.net/md?articleId=164027002&spm=1001.2014.3001.5501

[API] 文章 164027002 命中响应：GET 200  fromCache=false url=https://bizapi.csdn.net/blog-console-api/v3/editor/getArticle?id=164027002&model_type=

[API] 响应诊断信息： {"method":"GET","url":"https://bizapi.csdn.net/blog-console-api/v3/editor/getArticle?id=164027002&model_type=","status":200,"statusText":"","ok":true,"fromCache":false,"fromServiceWorker":false,"resourceType":"xhr","postData":null,"failure":null,"headers":{"access-control-allow-methods":"GET, POST, PUT, DELETE, OPTIONS","access-control-allow-origin":"https://editor.csdn.net","access-control-max-age":"86400","content-type":"application/json;charset=utf-8","vary":"Origin"}}

文章 164027002 下载成功，保存到 /var/www/docker/flatnotes/data/164027002-风电核心技术解析.md

处理进度: 8 / 39

已删除文章 164015553 的文件：/var/www/docker/flatnotes/data/164015553-中国摇滚乐队简记.md

正在处理文章 164015553，URL: https://editor.csdn.net/md?articleId=164015553&spm=1001.2014.3001.5501

处理文章 164015553 时发生错误：Timed out after waiting 30000ms

TimeoutError: Timed out after waiting 30000ms

    at file:///home/ecs-user/csdn-blogs-export/node_modules/puppeteer-core/lib/esm/puppeteer/common/util.js:248:19

    at file:///home/ecs-user/csdn-blogs-export/node_modules/puppeteer-core/lib/esm/third_party/rxjs/rxjs.js:3:18870

    at t.c._next (file:///home/ecs-user/csdn-blogs-export/node_modules/puppeteer-core/lib/esm/third_party/rxjs/rxjs.js:3:6776)

    at t.next (file:///home/ecs-user/csdn-blogs-export/node_modules/puppeteer-core/lib/esm/third_party/rxjs/rxjs.js:3:3144)

    at t.<anonymous> (file:///home/ecs-user/csdn-blogs-export/node_modules/puppeteer-core/lib/esm/third_party/rxjs/rxjs.js:3:21790)

    at t._execute (file:///home/ecs-user/csdn-blogs-export/node_modules/puppeteer-core/lib/esm/third_party/rxjs/rxjs.js:3:12582)

    at t.execute (file:///home/ecs-user/csdn-blogs-export/node_modules/puppeteer-core/lib/esm/third_party/rxjs/rxjs.js:3:12405)

    at t.flush (file:///home/ecs-user/csdn-blogs-export/node_modules/puppeteer-core/lib/esm/third_party/rxjs/rxjs.js:3:13446)

    at listOnTimeout (node:internal/timers:559:17)

    at processTimers (node:internal/timers:502:7)

已保存失败样本日志：logs/fail-164015553-2026-09-11T01-51-53-500Z.json

进行第1次重试

初始化浏览器。

原生Cookie文件(./cookie.txt.native.json)不存在，尝试使用传统Cookie文件(./cookie.txt)

传统Cookie文件(./cookie.txt)不存在，跳过Cookie导入

未导入任何Cookie

正在处理文章 164015553，URL: https://editor.csdn.net/md?articleId=164015553&spm=1001.2014.3001.5501

[API] 文章 164015553 命中响应：GET 200  fromCache=false url=https://bizapi.csdn.net/blog-console-api/v3/editor/getArticle?id=164015553&model_type=

[API] 响应诊断信息： {"method":"GET","url":"https://bizapi.csdn.net/blog-console-api/v3/editor/getArticle?id=164015553&model_type=","status":200,"statusText":"","ok":true,"fromCache":false,"fromServiceWorker":false,"resourceType":"xhr","postData":null,"failure":null,"headers":{"access-control-allow-methods":"GET, POST, PUT, DELETE, OPTIONS","access-control-allow-origin":"https://editor.csdn.net","access-control-max-age":"86400","content-type":"application/json;charset=utf-8","vary":"Origin"}}

文章 164015553 下载成功，保存到 /var/www/docker/flatnotes/data/164015553-中国摇滚乐队简记.md

处理进度: 9 / 39

已删除文章 163915803 的文件：/var/www/docker/flatnotes/data/163915803-CSDN Markdown编辑器：查找替换等隐藏功能简记.md

正在处理文章 163915803，URL: https://editor.csdn.net/md?articleId=163915803&spm=1001.2014.3001.5501

[API] 文章 163915803 命中响应：GET 200  fromCache=false url=https://bizapi.csdn.net/blog-console-api/v3/editor/getArticle?id=163915803&model_type=

[API] 响应诊断信息： {"method":"GET","url":"https://bizapi.csdn.net/blog-console-api/v3/editor/getArticle?id=163915803&model_type=","status":200,"statusText":"","ok":true,"fromCache":false,"fromServiceWorker":false,"resourceType":"xhr","postData":null,"failure":null,"headers":{"access-control-allow-methods":"GET, POST, PUT, DELETE, OPTIONS","access-control-allow-origin":"https://editor.csdn.net","access-control-max-age":"86400","content-type":"application/json;charset=utf-8","vary":"Origin"}}

文章 163915803 下载成功，保存到 /var/www/docker/flatnotes/data/163915803-CSDN Markdown编辑器：查找替换等隐藏功能简记.md

处理进度: 10 / 39

已删除文章 163914890 的文件：/var/www/docker/flatnotes/data/163914890-DNV Safeti 8.7 LocalDB 模式：You do not have permission to use the bulk load statement 故障排查和解决办法手记.md

正在处理文章 163914890，URL: https://editor.csdn.net/md?articleId=163914890&spm=1001.2014.3001.5501

[API] 文章 163914890 命中响应：GET 200  fromCache=false url=https://bizapi.csdn.net/blog-console-api/v3/editor/getArticle?id=163914890&model_type=

[API] 响应诊断信息： {"method":"GET","url":"https://bizapi.csdn.net/blog-console-api/v3/editor/getArticle?id=163914890&model_type=","status":200,"statusText":"","ok":true,"fromCache":false,"fromServiceWorker":false,"resourceType":"xhr","postData":null,"failure":null,"headers":{"access-control-allow-methods":"GET, POST, PUT, DELETE, OPTIONS","access-control-allow-origin":"https://editor.csdn.net","access-control-max-age":"86400","content-type":"application/json;charset=utf-8","vary":"Origin"}}

文章 163914890 下载成功，保存到 /var/www/docker/flatnotes/data/163914890-DNV Safeti 8.7 LocalDB 模式：You do not have permission to use the bulk load statement 故障排查和解决办法手记.md

处理进度: 11 / 39

已删除文章 163891496 的文件：/var/www/docker/flatnotes/data/163891496-中国奥运的绝对优势项目.md

正在处理文章 163891496，URL: https://editor.csdn.net/md?articleId=163891496&spm=1001.2014.3001.5501

[API] 文章 163891496 命中响应：GET 200  fromCache=false url=https://bizapi.csdn.net/blog-console-api/v3/editor/getArticle?id=163891496&model_type=

[API] 响应诊断信息： {"method":"GET","url":"https://bizapi.csdn.net/blog-console-api/v3/editor/getArticle?id=163891496&model_type=","status":200,"statusText":"","ok":true,"fromCache":false,"fromServiceWorker":false,"resourceType":"xhr","postData":null,"failure":null,"headers":{"access-control-allow-methods":"GET, POST, PUT, DELETE, OPTIONS","access-control-allow-origin":"https://editor.csdn.net","access-control-max-age":"86400","content-type":"application/json;charset=utf-8","vary":"Origin"}}

文章 163891496 下载成功，保存到 /var/www/docker/flatnotes/data/163891496-中国奥运的绝对优势项目.md

处理进度: 12 / 39

已删除文章 163828221 的文件：/var/www/docker/flatnotes/data/163828221-美国登月真伪辨析.md

正在处理文章 163828221，URL: https://editor.csdn.net/md?articleId=163828221&spm=1001.2014.3001.5501

[API] 文章 163828221 命中响应：GET 200  fromCache=false url=https://bizapi.csdn.net/blog-console-api/v3/editor/getArticle?id=163828221&model_type=

[API] 响应诊断信息： {"method":"GET","url":"https://bizapi.csdn.net/blog-console-api/v3/editor/getArticle?id=163828221&model_type=","status":200,"statusText":"","ok":true,"fromCache":false,"fromServiceWorker":false,"resourceType":"xhr","postData":null,"failure":null,"headers":{"access-control-allow-methods":"GET, POST, PUT, DELETE, OPTIONS","access-control-allow-origin":"https://editor.csdn.net","access-control-max-age":"86400","content-type":"application/json;charset=utf-8","vary":"Origin"}}

文章 163828221 下载成功，保存到 /var/www/docker/flatnotes/data/163828221-美国登月真伪辨析.md

处理进度: 13 / 39

已删除文章 163827057 的文件：/var/www/docker/flatnotes/data/163827057-中国历代皇帝概览.md

正在处理文章 163827057，URL: https://editor.csdn.net/md?articleId=163827057&spm=1001.2014.3001.5501

[API] 文章 163827057 命中响应：GET 200  fromCache=false url=https://bizapi.csdn.net/blog-console-api/v3/editor/getArticle?id=163827057&model_type=

[API] 响应诊断信息： {"method":"GET","url":"https://bizapi.csdn.net/blog-console-api/v3/editor/getArticle?id=163827057&model_type=","status":200,"statusText":"","ok":true,"fromCache":false,"fromServiceWorker":false,"resourceType":"xhr","postData":null,"failure":null,"headers":{"access-control-allow-methods":"GET, POST, PUT, DELETE, OPTIONS","access-control-allow-origin":"https://editor.csdn.net","access-control-max-age":"86400","content-type":"application/json;charset=utf-8","vary":"Origin"}}

文章 163827057 下载成功，保存到 /var/www/docker/flatnotes/data/163827057-中国历代皇帝概览.md

处理进度: 14 / 39

已删除文章 163466857 的文件：/var/www/docker/flatnotes/data/163466857-Excel 技巧大全.md

正在处理文章 163466857，URL: https://editor.csdn.net/md?articleId=163466857&spm=1001.2014.3001.5501

[API] 文章 163466857 命中响应：GET 200  fromCache=false url=https://bizapi.csdn.net/blog-console-api/v3/editor/getArticle?id=163466857&model_type=

[API] 响应诊断信息： {"method":"GET","url":"https://bizapi.csdn.net/blog-console-api/v3/editor/getArticle?id=163466857&model_type=","status":200,"statusText":"","ok":true,"fromCache":false,"fromServiceWorker":false,"resourceType":"xhr","postData":null,"failure":null,"headers":{"access-control-allow-methods":"GET, POST, PUT, DELETE, OPTIONS","access-control-allow-origin":"https://editor.csdn.net","access-control-max-age":"86400","content-type":"application/json;charset=utf-8","vary":"Origin"}}

文章 163466857 下载成功，保存到 /var/www/docker/flatnotes/data/163466857-Excel 技巧大全.md

处理进度: 15 / 39

已删除文章 163461186 的文件：/var/www/docker/flatnotes/data/163461186-网络安全史上最危险的漏洞事件梳理.md

正在处理文章 163461186，URL: https://editor.csdn.net/md?articleId=163461186&spm=1001.2014.3001.5501

[API] 文章 163461186 命中响应：GET 200  fromCache=false url=https://bizapi.csdn.net/blog-console-api/v3/editor/getArticle?id=163461186&model_type=

[API] 响应诊断信息： {"method":"GET","url":"https://bizapi.csdn.net/blog-console-api/v3/editor/getArticle?id=163461186&model_type=","status":200,"statusText":"","ok":true,"fromCache":false,"fromServiceWorker":false,"resourceType":"xhr","postData":null,"failure":null,"headers":{"access-control-allow-methods":"GET, POST, PUT, DELETE, OPTIONS","access-control-allow-origin":"https://editor.csdn.net","access-control-max-age":"86400","content-type":"application/json;charset=utf-8","vary":"Origin"}}

文章 163461186 下载成功，保存到 /var/www/docker/flatnotes/data/163461186-网络安全史上最危险的漏洞事件梳理.md

处理进度: 16 / 39

已删除文章 163446600 的文件：/var/www/docker/flatnotes/data/163446600-珠穆朗玛登峰简记.md

正在处理文章 163446600，URL: https://editor.csdn.net/md?articleId=163446600&spm=1001.2014.3001.5501

[API] 文章 163446600 命中响应：GET 200  fromCache=false url=https://bizapi.csdn.net/blog-console-api/v3/editor/getArticle?id=163446600&model_type=

[API] 响应诊断信息： {"method":"GET","url":"https://bizapi.csdn.net/blog-console-api/v3/editor/getArticle?id=163446600&model_type=","status":200,"statusText":"","ok":true,"fromCache":false,"fromServiceWorker":false,"resourceType":"xhr","postData":null,"failure":null,"headers":{"access-control-allow-methods":"GET, POST, PUT, DELETE, OPTIONS","access-control-allow-origin":"https://editor.csdn.net","access-control-max-age":"86400","content-type":"application/json;charset=utf-8","vary":"Origin"}}

文章 163446600 下载成功，保存到 /var/www/docker/flatnotes/data/163446600-珠穆朗玛登峰简记.md

处理进度: 17 / 39

已删除文章 163444134 的文件：/var/www/docker/flatnotes/data/163444134-ZIP 压缩的确定性问题简记.md

正在处理文章 163444134，URL: https://editor.csdn.net/md?articleId=163444134&spm=1001.2014.3001.5501

[API] 文章 163444134 命中响应：GET 200  fromCache=false url=https://bizapi.csdn.net/blog-console-api/v3/editor/getArticle?id=163444134&model_type=

[API] 响应诊断信息： {"method":"GET","url":"https://bizapi.csdn.net/blog-console-api/v3/editor/getArticle?id=163444134&model_type=","status":200,"statusText":"","ok":true,"fromCache":false,"fromServiceWorker":false,"resourceType":"xhr","postData":null,"failure":null,"headers":{"access-control-allow-methods":"GET, POST, PUT, DELETE, OPTIONS","access-control-allow-origin":"https://editor.csdn.net","access-control-max-age":"86400","content-type":"application/json;charset=utf-8","vary":"Origin"}}

文章 163444134 下载成功，保存到 /var/www/docker/flatnotes/data/163444134-ZIP 压缩的确定性问题简记.md

处理进度: 18 / 39

已删除文章 163438617 的文件：/var/www/docker/flatnotes/data/bak/163438617-MacBook 环境下基于 Qt 的 Windows + 国产操作系统原生GUI应用开发 篇九：工程化 CI-CD 、制品管与排障手册理.md

正在处理文章 163438617，URL: https://editor.csdn.net/md?articleId=163438617&spm=1001.2014.3001.5501

[API] 文章 163438617 命中响应：GET 200  fromCache=false url=https://bizapi.csdn.net/blog-console-api/v3/editor/getArticle?id=163438617&model_type=

[API] 响应诊断信息： {"method":"GET","url":"https://bizapi.csdn.net/blog-console-api/v3/editor/getArticle?id=163438617&model_type=","status":200,"statusText":"","ok":true,"fromCache":false,"fromServiceWorker":false,"resourceType":"xhr","postData":null,"failure":null,"headers":{"access-control-allow-methods":"GET, POST, PUT, DELETE, OPTIONS","access-control-allow-origin":"https://editor.csdn.net","access-control-max-age":"86400","content-type":"application/json;charset=utf-8","vary":"Origin"}}

文章 163438617 下载成功，保存到 /var/www/docker/flatnotes/data/bak/163438617-MacBook 环境下基于 Qt 的 Windows + 国产操作系统原生GUI应用开发 篇九：工程化 CI-CD 、制品管与排障手册理.md

处理进度: 19 / 39

已删除文章 163438496 的文件：/var/www/docker/flatnotes/data/bak/163438496-MacBook 环境下基于 Qt 的 Windows + 国产操作系统原生GUI应用开发 篇八：全平台编译打包实操.md

正在处理文章 163438496，URL: https://editor.csdn.net/md?articleId=163438496&spm=1001.2014.3001.5501

[API] 文章 163438496 命中响应：GET 200  fromCache=false url=https://bizapi.csdn.net/blog-console-api/v3/editor/getArticle?id=163438496&model_type=

[API] 响应诊断信息： {"method":"GET","url":"https://bizapi.csdn.net/blog-console-api/v3/editor/getArticle?id=163438496&model_type=","status":200,"statusText":"","ok":true,"fromCache":false,"fromServiceWorker":false,"resourceType":"xhr","postData":null,"failure":null,"headers":{"access-control-allow-methods":"GET, POST, PUT, DELETE, OPTIONS","access-control-allow-origin":"https://editor.csdn.net","access-control-max-age":"86400","content-type":"application/json;charset=utf-8","vary":"Origin"}}

文章 163438496 下载成功，保存到 /var/www/docker/flatnotes/data/bak/163438496-MacBook 环境下基于 Qt 的 Windows + 国产操作系统原生GUI应用开发 篇八：全平台编译打包实操.md

处理进度: 20 / 39

已删除文章 163438253 的文件：/var/www/docker/flatnotes/data/bak/163438253-MacBook 环境下基于 Qt 的 Windows + 国产操作系统原生GUI应用开发 篇七：MacBook 开发环境全量搭建.md

正在处理文章 163438253，URL: https://editor.csdn.net/md?articleId=163438253&spm=1001.2014.3001.5501

[API] 文章 163438253 命中响应：GET 200  fromCache=false url=https://bizapi.csdn.net/blog-console-api/v3/editor/getArticle?id=163438496&model_type=

[API] 响应诊断信息： {"method":"GET","url":"https://bizapi.csdn.net/blog-console-api/v3/editor/getArticle?id=163438496&model_type=","status":200,"statusText":"","ok":true,"fromCache":false,"fromServiceWorker":false,"resourceType":"xhr","postData":null,"failure":null,"headers":{"access-control-allow-methods":"GET, POST, PUT, DELETE, OPTIONS","access-control-allow-origin":"https://app-blog.csdn.net","access-control-max-age":"86400","content-type":"application/json;charset=utf-8","vary":"Origin"}}

处理文章 163438253 时发生错误：命中空响应体（无法读取body）：method=GET status=200 contentType=application/json;charset=utf-8 fromCache=false url=https://bizapi.csdn.net/blog-console-api/v3/editor/getArticle?id=163438496&model_type=

Error: 命中空响应体（无法读取body）：method=GET status=200 contentType=application/json;charset=utf-8 fromCache=false url=https://bizapi.csdn.net/blog-console-api/v3/editor/getArticle?id=163438496&model_type=

    at fetchArticleData (file:///home/ecs-user/csdn-blogs-export/index.js:533:15)

    at runMicrotasks (<anonymous>)

    at processTicksAndRejections (node:internal/process/task_queues:96:5)

    at async downloadArticles (file:///home/ecs-user/csdn-blogs-export/index.js:1624:38)

    at async file:///home/ecs-user/csdn-blogs-export/index.js:163:9

已保存失败样本日志：logs/fail-163438253-2026-09-11T01-54-02-949Z.json

进行第1次重试

初始化浏览器。

原生Cookie文件(./cookie.txt.native.json)不存在，尝试使用传统Cookie文件(./cookie.txt)

传统Cookie文件(./cookie.txt)不存在，跳过Cookie导入

未导入任何Cookie

正在处理文章 163438253，URL: https://editor.csdn.net/md?articleId=163438253&spm=1001.2014.3001.5501

[API] 文章 163438253 命中响应：GET 200  fromCache=false url=https://bizapi.csdn.net/blog-console-api/v3/editor/getArticle?id=163438253&model_type=

[API] 响应诊断信息： {"method":"GET","url":"https://bizapi.csdn.net/blog-console-api/v3/editor/getArticle?id=163438253&model_type=","status":200,"statusText":"","ok":true,"fromCache":false,"fromServiceWorker":false,"resourceType":"xhr","postData":null,"failure":null,"headers":{"access-control-allow-methods":"GET, POST, PUT, DELETE, OPTIONS","access-control-allow-origin":"https://editor.csdn.net","access-control-max-age":"86400","content-type":"application/json;charset=utf-8","vary":"Origin"}}

文章 163438253 下载成功，保存到 /var/www/docker/flatnotes/data/bak/163438253-MacBook 环境下基于 Qt 的 Windows + 国产操作系统原生GUI应用开发 篇七：MacBook 开发环境全量搭建.md

处理进度: 21 / 39

已删除文章 163438096 的文件：/var/www/docker/flatnotes/data/bak/163438096-MacBook 环境下基于 Qt 的 Windows + 国产操作系统原生GUI应用开发 篇六：VS Code + Qt 扩展开发环境搭建与使用.md

正在处理文章 163438096，URL: https://editor.csdn.net/md?articleId=163438096&spm=1001.2014.3001.5501

[API] 文章 163438096 命中响应：GET 200  fromCache=false url=https://bizapi.csdn.net/blog-console-api/v3/editor/getArticle?id=163438253&model_type=

[API] 响应诊断信息： {"method":"GET","url":"https://bizapi.csdn.net/blog-console-api/v3/editor/getArticle?id=163438253&model_type=","status":200,"statusText":"","ok":true,"fromCache":false,"fromServiceWorker":false,"resourceType":"xhr","postData":null,"failure":null,"headers":{"access-control-allow-methods":"GET, POST, PUT, DELETE, OPTIONS","access-control-allow-origin":"https://app-blog.csdn.net","access-control-max-age":"86400","content-type":"application/json;charset=utf-8","vary":"Origin"}}

处理文章 163438096 时发生错误：命中空响应体（无法读取body）：method=GET status=200 contentType=application/json;charset=utf-8 fromCache=false url=https://bizapi.csdn.net/blog-console-api/v3/editor/getArticle?id=163438253&model_type=

Error: 命中空响应体（无法读取body）：method=GET status=200 contentType=application/json;charset=utf-8 fromCache=false url=https://bizapi.csdn.net/blog-console-api/v3/editor/getArticle?id=163438253&model_type=

    at fetchArticleData (file:///home/ecs-user/csdn-blogs-export/index.js:533:15)

    at runMicrotasks (<anonymous>)

    at processTicksAndRejections (node:internal/process/task_queues:96:5)

    at async downloadArticles (file:///home/ecs-user/csdn-blogs-export/index.js:1624:38)

    at async file:///home/ecs-user/csdn-blogs-export/index.js:163:9

已保存失败样本日志：logs/fail-163438096-2026-09-11T01-54-13-722Z.json

进行第1次重试

初始化浏览器。

原生Cookie文件(./cookie.txt.native.json)不存在，尝试使用传统Cookie文件(./cookie.txt)

传统Cookie文件(./cookie.txt)不存在，跳过Cookie导入

未导入任何Cookie

正在处理文章 163438096，URL: https://editor.csdn.net/md?articleId=163438096&spm=1001.2014.3001.5501

[API] 文章 163438096 命中响应：GET 200  fromCache=false url=https://bizapi.csdn.net/blog-console-api/v3/editor/getArticle?id=163438096&model_type=

[API] 响应诊断信息： {"method":"GET","url":"https://bizapi.csdn.net/blog-console-api/v3/editor/getArticle?id=163438096&model_type=","status":200,"statusText":"","ok":true,"fromCache":false,"fromServiceWorker":false,"resourceType":"xhr","postData":null,"failure":null,"headers":{"access-control-allow-methods":"GET, POST, PUT, DELETE, OPTIONS","access-control-allow-origin":"https://editor.csdn.net","access-control-max-age":"86400","content-type":"application/json;charset=utf-8","vary":"Origin"}}

文章 163438096 下载成功，保存到 /var/www/docker/flatnotes/data/bak/163438096-MacBook 环境下基于 Qt 的 Windows + 国产操作系统原生GUI应用开发 篇六：VS Code + Qt 扩展开发环境搭建与使用.md

处理进度: 22 / 39

已删除文章 163437957 的文件：/var/www/docker/flatnotes/data/bak/163437957-MacBook 环境下基于 Qt 的 Windows + 国产操作系统原生GUI应用开发 篇五：Qt Designer 可视化界面设计实战.md

正在处理文章 163437957，URL: https://editor.csdn.net/md?articleId=163437957&spm=1001.2014.3001.5501

[API] 文章 163437957 命中响应：GET 200  fromCache=false url=https://bizapi.csdn.net/blog-console-api/v3/editor/getArticle?id=163438096&model_type=

[API] 响应诊断信息： {"method":"GET","url":"https://bizapi.csdn.net/blog-console-api/v3/editor/getArticle?id=163438096&model_type=","status":200,"statusText":"","ok":true,"fromCache":false,"fromServiceWorker":false,"resourceType":"xhr","postData":null,"failure":null,"headers":{"access-control-allow-methods":"GET, POST, PUT, DELETE, OPTIONS","access-control-allow-origin":"https://app-blog.csdn.net","access-control-max-age":"86400","content-type":"application/json;charset=utf-8","vary":"Origin"}}

处理文章 163437957 时发生错误：命中空响应体（无法读取body）：method=GET status=200 contentType=application/json;charset=utf-8 fromCache=false url=https://bizapi.csdn.net/blog-console-api/v3/editor/getArticle?id=163438096&model_type=

Error: 命中空响应体（无法读取body）：method=GET status=200 contentType=application/json;charset=utf-8 fromCache=false url=https://bizapi.csdn.net/blog-console-api/v3/editor/getArticle?id=163438096&model_type=

    at fetchArticleData (file:///home/ecs-user/csdn-blogs-export/index.js:533:15)

    at runMicrotasks (<anonymous>)

    at processTicksAndRejections (node:internal/process/task_queues:96:5)

    at async downloadArticles (file:///home/ecs-user/csdn-blogs-export/index.js:1624:38)

    at async file:///home/ecs-user/csdn-blogs-export/index.js:163:9

已保存失败样本日志：logs/fail-163437957-2026-09-11T01-54-22-299Z.json

进行第1次重试

初始化浏览器。

原生Cookie文件(./cookie.txt.native.json)不存在，尝试使用传统Cookie文件(./cookie.txt)

传统Cookie文件(./cookie.txt)不存在，跳过Cookie导入

未导入任何Cookie

正在处理文章 163437957，URL: https://editor.csdn.net/md?articleId=163437957&spm=1001.2014.3001.5501

[API] 文章 163437957 命中响应：GET 200  fromCache=false url=https://bizapi.csdn.net/blog-console-api/v3/editor/getArticle?id=163437957&model_type=

[API] 响应诊断信息： {"method":"GET","url":"https://bizapi.csdn.net/blog-console-api/v3/editor/getArticle?id=163437957&model_type=","status":200,"statusText":"","ok":true,"fromCache":false,"fromServiceWorker":false,"resourceType":"xhr","postData":null,"failure":null,"headers":{"access-control-allow-methods":"GET, POST, PUT, DELETE, OPTIONS","access-control-allow-origin":"https://editor.csdn.net","access-control-max-age":"86400","content-type":"application/json;charset=utf-8","vary":"Origin"}}

文章 163437957 下载成功，保存到 /var/www/docker/flatnotes/data/bak/163437957-MacBook 环境下基于 Qt 的 Windows + 国产操作系统原生GUI应用开发 篇五：Qt Designer 可视化界面设计实战.md

处理进度: 23 / 39

已删除文章 163437798 的文件：/var/www/docker/flatnotes/data/bak/163437798-MacBook 环境下基于 Qt 的 Windows + 国产操作系统原生GUI应用开发 篇四：跨平台架构设计.md

正在处理文章 163437798，URL: https://editor.csdn.net/md?articleId=163437798&spm=1001.2014.3001.5501

[API] 文章 163437798 命中响应：GET 200  fromCache=false url=https://bizapi.csdn.net/blog-console-api/v3/editor/getArticle?id=163437957&model_type=

[API] 响应诊断信息： {"method":"GET","url":"https://bizapi.csdn.net/blog-console-api/v3/editor/getArticle?id=163437957&model_type=","status":200,"statusText":"","ok":true,"fromCache":false,"fromServiceWorker":false,"resourceType":"xhr","postData":null,"failure":null,"headers":{"access-control-allow-methods":"GET, POST, PUT, DELETE, OPTIONS","access-control-allow-origin":"https://app-blog.csdn.net","access-control-max-age":"86400","content-type":"application/json;charset=utf-8","vary":"Origin"}}

处理文章 163437798 时发生错误：命中空响应体（无法读取body）：method=GET status=200 contentType=application/json;charset=utf-8 fromCache=false url=https://bizapi.csdn.net/blog-console-api/v3/editor/getArticle?id=163437957&model_type=

Error: 命中空响应体（无法读取body）：method=GET status=200 contentType=application/json;charset=utf-8 fromCache=false url=https://bizapi.csdn.net/blog-console-api/v3/editor/getArticle?id=163437957&model_type=

    at fetchArticleData (file:///home/ecs-user/csdn-blogs-export/index.js:533:15)

    at runMicrotasks (<anonymous>)

    at processTicksAndRejections (node:internal/process/task_queues:96:5)

    at async downloadArticles (file:///home/ecs-user/csdn-blogs-export/index.js:1624:38)

    at async file:///home/ecs-user/csdn-blogs-export/index.js:163:9

已保存失败样本日志：logs/fail-163437798-2026-09-11T01-54-31-048Z.json

进行第1次重试

初始化浏览器。

原生Cookie文件(./cookie.txt.native.json)不存在，尝试使用传统Cookie文件(./cookie.txt)

传统Cookie文件(./cookie.txt)不存在，跳过Cookie导入

未导入任何Cookie

正在处理文章 163437798，URL: https://editor.csdn.net/md?articleId=163437798&spm=1001.2014.3001.5501

[API] 文章 163437798 命中响应：GET 200  fromCache=false url=https://bizapi.csdn.net/blog-console-api/v3/editor/getArticle?id=163437798&model_type=

[API] 响应诊断信息： {"method":"GET","url":"https://bizapi.csdn.net/blog-console-api/v3/editor/getArticle?id=163437798&model_type=","status":200,"statusText":"","ok":true,"fromCache":false,"fromServiceWorker":false,"resourceType":"xhr","postData":null,"failure":null,"headers":{"access-control-allow-methods":"GET, POST, PUT, DELETE, OPTIONS","access-control-allow-origin":"https://editor.csdn.net","access-control-max-age":"86400","content-type":"application/json;charset=utf-8","vary":"Origin"}}

文章 163437798 下载成功，保存到 /var/www/docker/flatnotes/data/bak/163437798-MacBook 环境下基于 Qt 的 Windows + 国产操作系统原生GUI应用开发 篇四：跨平台架构设计.md

处理进度: 24 / 39

已删除文章 163437439 的文件：/var/www/docker/flatnotes/data/bak/163437439-MacBook 环境下基于 Qt 的 Windows + 国产操作系统原生GUI应用开发 篇三：打包分发格式选型与国产 CPU 多架构适配实践.md

正在处理文章 163437439，URL: https://editor.csdn.net/md?articleId=163437439&spm=1001.2014.3001.5501

[API] 文章 163437439 命中响应：GET 200  fromCache=false url=https://bizapi.csdn.net/blog-console-api/v3/editor/getArticle?id=163437798&model_type=

[API] 响应诊断信息： {"method":"GET","url":"https://bizapi.csdn.net/blog-console-api/v3/editor/getArticle?id=163437798&model_type=","status":200,"statusText":"","ok":true,"fromCache":false,"fromServiceWorker":false,"resourceType":"xhr","postData":null,"failure":null,"headers":{"access-control-allow-methods":"GET, POST, PUT, DELETE, OPTIONS","access-control-allow-origin":"https://app-blog.csdn.net","access-control-max-age":"86400","content-type":"application/json;charset=utf-8","vary":"Origin"}}

处理文章 163437439 时发生错误：命中空响应体（无法读取body）：method=GET status=200 contentType=application/json;charset=utf-8 fromCache=false url=https://bizapi.csdn.net/blog-console-api/v3/editor/getArticle?id=163437798&model_type=

Error: 命中空响应体（无法读取body）：method=GET status=200 contentType=application/json;charset=utf-8 fromCache=false url=https://bizapi.csdn.net/blog-console-api/v3/editor/getArticle?id=163437798&model_type=

    at fetchArticleData (file:///home/ecs-user/csdn-blogs-export/index.js:533:15)

    at runMicrotasks (<anonymous>)

    at processTicksAndRejections (node:internal/process/task_queues:96:5)

    at async downloadArticles (file:///home/ecs-user/csdn-blogs-export/index.js:1624:38)

    at async file:///home/ecs-user/csdn-blogs-export/index.js:163:9

已保存失败样本日志：logs/fail-163437439-2026-09-11T01-54-39-913Z.json

进行第1次重试

初始化浏览器。

原生Cookie文件(./cookie.txt.native.json)不存在，尝试使用传统Cookie文件(./cookie.txt)

传统Cookie文件(./cookie.txt)不存在，跳过Cookie导入

未导入任何Cookie

正在处理文章 163437439，URL: https://editor.csdn.net/md?articleId=163437439&spm=1001.2014.3001.5501

[API] 文章 163437439 命中响应：GET 200  fromCache=false url=https://bizapi.csdn.net/blog-console-api/v3/editor/getArticle?id=163437439&model_type=

[API] 响应诊断信息： {"method":"GET","url":"https://bizapi.csdn.net/blog-console-api/v3/editor/getArticle?id=163437439&model_type=","status":200,"statusText":"","ok":true,"fromCache":false,"fromServiceWorker":false,"resourceType":"xhr","postData":null,"failure":null,"headers":{"access-control-allow-methods":"GET, POST, PUT, DELETE, OPTIONS","access-control-allow-origin":"https://editor.csdn.net","access-control-max-age":"86400","content-type":"application/json;charset=utf-8","vary":"Origin"}}

文章 163437439 下载成功，保存到 /var/www/docker/flatnotes/data/bak/163437439-MacBook 环境下基于 Qt 的 Windows + 国产操作系统原生GUI应用开发 篇三：打包分发格式选型与国产 CPU 多架构适配实践.md

处理进度: 25 / 39

已删除文章 163437245 的文件：/var/www/docker/flatnotes/data/bak/163437245-MacBook 环境下基于 Qt 的 Windows + 国产操作系统原生GUI应用开发 篇二：M 芯片 Mac 的物理构建机策略.md

正在处理文章 163437245，URL: https://editor.csdn.net/md?articleId=163437245&spm=1001.2014.3001.5501

[API] 文章 163437245 命中响应：GET 200  fromCache=false url=https://bizapi.csdn.net/blog-console-api/v3/editor/getArticle?id=163437439&model_type=

[API] 响应诊断信息： {"method":"GET","url":"https://bizapi.csdn.net/blog-console-api/v3/editor/getArticle?id=163437439&model_type=","status":200,"statusText":"","ok":true,"fromCache":false,"fromServiceWorker":false,"resourceType":"xhr","postData":null,"failure":null,"headers":{"access-control-allow-methods":"GET, POST, PUT, DELETE, OPTIONS","access-control-allow-origin":"https://app-blog.csdn.net","access-control-max-age":"86400","content-type":"application/json;charset=utf-8","vary":"Origin"}}

处理文章 163437245 时发生错误：命中空响应体（无法读取body）：method=GET status=200 contentType=application/json;charset=utf-8 fromCache=false url=https://bizapi.csdn.net/blog-console-api/v3/editor/getArticle?id=163437439&model_type=

Error: 命中空响应体（无法读取body）：method=GET status=200 contentType=application/json;charset=utf-8 fromCache=false url=https://bizapi.csdn.net/blog-console-api/v3/editor/getArticle?id=163437439&model_type=

    at fetchArticleData (file:///home/ecs-user/csdn-blogs-export/index.js:533:15)

    at runMicrotasks (<anonymous>)

    at processTicksAndRejections (node:internal/process/task_queues:96:5)

    at async downloadArticles (file:///home/ecs-user/csdn-blogs-export/index.js:1624:38)

    at async file:///home/ecs-user/csdn-blogs-export/index.js:163:9

已保存失败样本日志：logs/fail-163437245-2026-09-11T01-54-50-703Z.json

进行第1次重试

初始化浏览器。

原生Cookie文件(./cookie.txt.native.json)不存在，尝试使用传统Cookie文件(./cookie.txt)

传统Cookie文件(./cookie.txt)不存在，跳过Cookie导入

未导入任何Cookie

正在处理文章 163437245，URL: https://editor.csdn.net/md?articleId=163437245&spm=1001.2014.3001.5501

[API] 文章 163437245 命中响应：GET 200  fromCache=false url=https://bizapi.csdn.net/blog-console-api/v3/editor/getArticle?id=163437245&model_type=

[API] 响应诊断信息： {"method":"GET","url":"https://bizapi.csdn.net/blog-console-api/v3/editor/getArticle?id=163437245&model_type=","status":200,"statusText":"","ok":true,"fromCache":false,"fromServiceWorker":false,"resourceType":"xhr","postData":null,"failure":null,"headers":{"access-control-allow-methods":"GET, POST, PUT, DELETE, OPTIONS","access-control-allow-origin":"https://editor.csdn.net","access-control-max-age":"86400","content-type":"application/json;charset=utf-8","vary":"Origin"}}

文章 163437245 下载成功，保存到 /var/www/docker/flatnotes/data/bak/163437245-MacBook 环境下基于 Qt 的 Windows + 国产操作系统原生GUI应用开发 篇二：M 芯片 Mac 的物理构建机策略.md

处理进度: 26 / 39

已删除文章 163436458 的文件：/var/www/docker/flatnotes/data/bak/163436458-MacBook 环境下基于 Qt 的 Windows + 国产操作系统原生GUI应用开发 篇一：开发全景与选型决策.md

正在处理文章 163436458，URL: https://editor.csdn.net/md?articleId=163436458&spm=1001.2014.3001.5501

[API] 文章 163436458 命中响应：GET 200  fromCache=false url=https://bizapi.csdn.net/blog-console-api/v3/editor/getArticle?id=163437245&model_type=

[API] 响应诊断信息： {"method":"GET","url":"https://bizapi.csdn.net/blog-console-api/v3/editor/getArticle?id=163437245&model_type=","status":200,"statusText":"","ok":true,"fromCache":false,"fromServiceWorker":false,"resourceType":"xhr","postData":null,"failure":null,"headers":{"access-control-allow-methods":"GET, POST, PUT, DELETE, OPTIONS","access-control-allow-origin":"https://app-blog.csdn.net","access-control-max-age":"86400","content-type":"application/json;charset=utf-8","vary":"Origin"}}

处理文章 163436458 时发生错误：命中空响应体（无法读取body）：method=GET status=200 contentType=application/json;charset=utf-8 fromCache=false url=https://bizapi.csdn.net/blog-console-api/v3/editor/getArticle?id=163437245&model_type=

Error: 命中空响应体（无法读取body）：method=GET status=200 contentType=application/json;charset=utf-8 fromCache=false url=https://bizapi.csdn.net/blog-console-api/v3/editor/getArticle?id=163437245&model_type=

    at fetchArticleData (file:///home/ecs-user/csdn-blogs-export/index.js:533:15)

    at runMicrotasks (<anonymous>)

    at processTicksAndRejections (node:internal/process/task_queues:96:5)

    at async downloadArticles (file:///home/ecs-user/csdn-blogs-export/index.js:1624:38)

    at async file:///home/ecs-user/csdn-blogs-export/index.js:163:9

已保存失败样本日志：logs/fail-163436458-2026-09-11T01-54-59-520Z.json

进行第1次重试

初始化浏览器。

原生Cookie文件(./cookie.txt.native.json)不存在，尝试使用传统Cookie文件(./cookie.txt)

传统Cookie文件(./cookie.txt)不存在，跳过Cookie导入

未导入任何Cookie

正在处理文章 163436458，URL: https://editor.csdn.net/md?articleId=163436458&spm=1001.2014.3001.5501

[API] 文章 163436458 命中响应：GET 200  fromCache=false url=https://bizapi.csdn.net/blog-console-api/v3/editor/getArticle?id=163436458&model_type=

[API] 响应诊断信息： {"method":"GET","url":"https://bizapi.csdn.net/blog-console-api/v3/editor/getArticle?id=163436458&model_type=","status":200,"statusText":"","ok":true,"fromCache":false,"fromServiceWorker":false,"resourceType":"xhr","postData":null,"failure":null,"headers":{"access-control-allow-methods":"GET, POST, PUT, DELETE, OPTIONS","access-control-allow-origin":"https://editor.csdn.net","access-control-max-age":"86400","content-type":"application/json;charset=utf-8","vary":"Origin"}}

文章 163436458 下载成功，保存到 /var/www/docker/flatnotes/data/bak/163436458-MacBook 环境下基于 Qt 的 Windows + 国产操作系统原生GUI应用开发 篇一：开发全景与选型决策.md

处理进度: 27 / 39

已删除文章 48941643 的文件：/var/www/docker/flatnotes/data/48941643-Mac OS系统使用笔记-2026更新.md

正在处理文章 48941643，URL: https://mp.csdn.net/console/editor/html/48941643?spm=1001.2014.3001.5501

[API] 文章 48941643 命中响应：GET 200  fromCache=false url=https://bizapi.csdn.net/blog-console-api/v3/editor/getArticle?id=163436458&model_type=

[API] 响应诊断信息： {"method":"GET","url":"https://bizapi.csdn.net/blog-console-api/v3/editor/getArticle?id=163436458&model_type=","status":200,"statusText":"","ok":true,"fromCache":false,"fromServiceWorker":false,"resourceType":"xhr","postData":null,"failure":null,"headers":{"access-control-allow-methods":"GET, POST, PUT, DELETE, OPTIONS","access-control-allow-origin":"https://app-blog.csdn.net","access-control-max-age":"86400","content-type":"application/json;charset=utf-8","vary":"Origin"}}

处理文章 48941643 时发生错误：命中空响应体（无法读取body）：method=GET status=200 contentType=application/json;charset=utf-8 fromCache=false url=https://bizapi.csdn.net/blog-console-api/v3/editor/getArticle?id=163436458&model_type=

Error: 命中空响应体（无法读取body）：method=GET status=200 contentType=application/json;charset=utf-8 fromCache=false url=https://bizapi.csdn.net/blog-console-api/v3/editor/getArticle?id=163436458&model_type=

    at fetchArticleData (file:///home/ecs-user/csdn-blogs-export/index.js:533:15)

    at runMicrotasks (<anonymous>)

    at processTicksAndRejections (node:internal/process/task_queues:96:5)

    at async downloadArticles (file:///home/ecs-user/csdn-blogs-export/index.js:1624:38)

    at async file:///home/ecs-user/csdn-blogs-export/index.js:163:9

已保存失败样本日志：logs/fail-48941643-2026-09-11T01-55-08-820Z.json

进行第1次重试

初始化浏览器。

原生Cookie文件(./cookie.txt.native.json)不存在，尝试使用传统Cookie文件(./cookie.txt)

传统Cookie文件(./cookie.txt)不存在，跳过Cookie导入

未导入任何Cookie

正在处理文章 48941643，URL: https://mp.csdn.net/console/editor/html/48941643?spm=1001.2014.3001.5501

[API] 文章 48941643 命中响应：GET 200  fromCache=false url=https://bizapi.csdn.net/blog-console-api/v1/editor/getArticle?id=48941643

[API] 响应诊断信息： {"method":"GET","url":"https://bizapi.csdn.net/blog-console-api/v1/editor/getArticle?id=48941643","status":200,"statusText":"","ok":true,"fromCache":false,"fromServiceWorker":false,"resourceType":"xhr","postData":null,"failure":null,"headers":{"access-control-allow-methods":"GET, POST, PUT, DELETE, OPTIONS","access-control-allow-origin":"https://mp.csdn.net","access-control-max-age":"86400","content-type":"application/json;charset=utf-8","vary":"Origin"}}

文章 48941643 下载成功，保存到 /var/www/docker/flatnotes/data/48941643-Mac OS系统使用笔记-2026更新.md

处理进度: 28 / 39

已删除文章 151071268 的文件：/var/www/docker/flatnotes/data/151071268-macOS版Sublime简记-2026年更新.md

正在处理文章 151071268，URL: https://editor.csdn.net/md?articleId=151071268&spm=1001.2014.3001.5501

[API] 文章 151071268 命中响应：GET 200  fromCache=false url=https://bizapi.csdn.net/blog-console-api/v3/editor/getArticle?id=151071268&model_type=

[API] 响应诊断信息： {"method":"GET","url":"https://bizapi.csdn.net/blog-console-api/v3/editor/getArticle?id=151071268&model_type=","status":200,"statusText":"","ok":true,"fromCache":false,"fromServiceWorker":false,"resourceType":"xhr","postData":null,"failure":null,"headers":{"access-control-allow-methods":"GET, POST, PUT, DELETE, OPTIONS","access-control-allow-origin":"https://editor.csdn.net","access-control-max-age":"86400","content-type":"application/json;charset=utf-8","vary":"Origin"}}

文章 151071268 下载成功，保存到 /var/www/docker/flatnotes/data/151071268-macOS版Sublime简记-2026年更新.md

处理进度: 29 / 39

已删除文章 163247117 的文件：/var/www/docker/flatnotes/data/163247117-macOS 容器运行时选型：OrbStack - Colima - Docker Desktop 对比.md

正在处理文章 163247117，URL: https://editor.csdn.net/md?articleId=163247117&spm=1001.2014.3001.5501

[API] 文章 163247117 命中响应：GET 200  fromCache=false url=https://bizapi.csdn.net/blog-console-api/v3/editor/getArticle?id=151071268&model_type=

[API] 响应诊断信息： {"method":"GET","url":"https://bizapi.csdn.net/blog-console-api/v3/editor/getArticle?id=151071268&model_type=","status":200,"statusText":"","ok":true,"fromCache":false,"fromServiceWorker":false,"resourceType":"xhr","postData":null,"failure":null,"headers":{"access-control-allow-methods":"GET, POST, PUT, DELETE, OPTIONS","access-control-allow-origin":"https://app-blog.csdn.net","access-control-max-age":"86400","content-type":"application/json;charset=utf-8","vary":"Origin"}}

处理文章 163247117 时发生错误：命中空响应体（无法读取body）：method=GET status=200 contentType=application/json;charset=utf-8 fromCache=false url=https://bizapi.csdn.net/blog-console-api/v3/editor/getArticle?id=151071268&model_type=

Error: 命中空响应体（无法读取body）：method=GET status=200 contentType=application/json;charset=utf-8 fromCache=false url=https://bizapi.csdn.net/blog-console-api/v3/editor/getArticle?id=151071268&model_type=

    at fetchArticleData (file:///home/ecs-user/csdn-blogs-export/index.js:533:15)

    at runMicrotasks (<anonymous>)

    at processTicksAndRejections (node:internal/process/task_queues:96:5)

    at async downloadArticles (file:///home/ecs-user/csdn-blogs-export/index.js:1624:38)

    at async file:///home/ecs-user/csdn-blogs-export/index.js:163:9

已保存失败样本日志：logs/fail-163247117-2026-09-11T01-55-23-250Z.json

进行第1次重试

初始化浏览器。

原生Cookie文件(./cookie.txt.native.json)不存在，尝试使用传统Cookie文件(./cookie.txt)

传统Cookie文件(./cookie.txt)不存在，跳过Cookie导入

未导入任何Cookie

正在处理文章 163247117，URL: https://editor.csdn.net/md?articleId=163247117&spm=1001.2014.3001.5501

[API] 文章 163247117 命中响应：GET 200  fromCache=false url=https://bizapi.csdn.net/blog-console-api/v3/editor/getArticle?id=163247117&model_type=

[API] 响应诊断信息： {"method":"GET","url":"https://bizapi.csdn.net/blog-console-api/v3/editor/getArticle?id=163247117&model_type=","status":200,"statusText":"","ok":true,"fromCache":false,"fromServiceWorker":false,"resourceType":"xhr","postData":null,"failure":null,"headers":{"access-control-allow-methods":"GET, POST, PUT, DELETE, OPTIONS","access-control-allow-origin":"https://editor.csdn.net","access-control-max-age":"86400","content-type":"application/json;charset=utf-8","vary":"Origin"}}

文章 163247117 下载成功，保存到 /var/www/docker/flatnotes/data/163247117-macOS 容器运行时选型：OrbStack - Colima - Docker Desktop 对比.md

处理进度: 30 / 39

已删除文章 163235467 的文件：/var/www/docker/flatnotes/data/163235467-王者荣耀健康系统规则梳理.md

正在处理文章 163235467，URL: https://editor.csdn.net/md?articleId=163235467&spm=1001.2014.3001.5501

[API] 文章 163235467 命中响应：GET 200  fromCache=false url=https://bizapi.csdn.net/blog-console-api/v3/editor/getArticle?id=163247117&model_type=

[API] 响应诊断信息： {"method":"GET","url":"https://bizapi.csdn.net/blog-console-api/v3/editor/getArticle?id=163247117&model_type=","status":200,"statusText":"","ok":true,"fromCache":false,"fromServiceWorker":false,"resourceType":"xhr","postData":null,"failure":null,"headers":{"access-control-allow-methods":"GET, POST, PUT, DELETE, OPTIONS","access-control-allow-origin":"https://app-blog.csdn.net","access-control-max-age":"86400","content-type":"application/json;charset=utf-8","vary":"Origin"}}

处理文章 163235467 时发生错误：命中空响应体（无法读取body）：method=GET status=200 contentType=application/json;charset=utf-8 fromCache=false url=https://bizapi.csdn.net/blog-console-api/v3/editor/getArticle?id=163247117&model_type=

Error: 命中空响应体（无法读取body）：method=GET status=200 contentType=application/json;charset=utf-8 fromCache=false url=https://bizapi.csdn.net/blog-console-api/v3/editor/getArticle?id=163247117&model_type=

    at fetchArticleData (file:///home/ecs-user/csdn-blogs-export/index.js:533:15)

    at runMicrotasks (<anonymous>)

    at processTicksAndRejections (node:internal/process/task_queues:96:5)

    at async downloadArticles (file:///home/ecs-user/csdn-blogs-export/index.js:1624:38)

    at async file:///home/ecs-user/csdn-blogs-export/index.js:163:9

已保存失败样本日志：logs/fail-163235467-2026-09-11T01-55-34-104Z.json

进行第1次重试

初始化浏览器。

原生Cookie文件(./cookie.txt.native.json)不存在，尝试使用传统Cookie文件(./cookie.txt)

传统Cookie文件(./cookie.txt)不存在，跳过Cookie导入

未导入任何Cookie

正在处理文章 163235467，URL: https://editor.csdn.net/md?articleId=163235467&spm=1001.2014.3001.5501

[API] 文章 163235467 命中响应：GET 200  fromCache=false url=https://bizapi.csdn.net/blog-console-api/v3/editor/getArticle?id=163235467&model_type=

[API] 响应诊断信息： {"method":"GET","url":"https://bizapi.csdn.net/blog-console-api/v3/editor/getArticle?id=163235467&model_type=","status":200,"statusText":"","ok":true,"fromCache":false,"fromServiceWorker":false,"resourceType":"xhr","postData":null,"failure":null,"headers":{"access-control-allow-methods":"GET, POST, PUT, DELETE, OPTIONS","access-control-allow-origin":"https://editor.csdn.net","access-control-max-age":"86400","content-type":"application/json;charset=utf-8","vary":"Origin"}}

文章 163235467 下载成功，保存到 /var/www/docker/flatnotes/data/163235467-王者荣耀健康系统规则梳理.md

处理进度: 31 / 39

已删除文章 163158740 的文件：/var/www/docker/flatnotes/data/163158740-Chrome 油猴插件（Tampermonkey）脚本精选.md

正在处理文章 163158740，URL: https://editor.csdn.net/md?articleId=163158740&spm=1001.2014.3001.5501

[API] 文章 163158740 命中响应：GET 200  fromCache=false url=https://bizapi.csdn.net/blog-console-api/v3/editor/getArticle?id=163235467&model_type=

[API] 响应诊断信息： {"method":"GET","url":"https://bizapi.csdn.net/blog-console-api/v3/editor/getArticle?id=163235467&model_type=","status":200,"statusText":"","ok":true,"fromCache":false,"fromServiceWorker":false,"resourceType":"xhr","postData":null,"failure":null,"headers":{"access-control-allow-methods":"GET, POST, PUT, DELETE, OPTIONS","access-control-allow-origin":"https://app-blog.csdn.net","access-control-max-age":"86400","content-type":"application/json;charset=utf-8","vary":"Origin"}}

处理文章 163158740 时发生错误：命中空响应体（无法读取body）：method=GET status=200 contentType=application/json;charset=utf-8 fromCache=false url=https://bizapi.csdn.net/blog-console-api/v3/editor/getArticle?id=163235467&model_type=

Error: 命中空响应体（无法读取body）：method=GET status=200 contentType=application/json;charset=utf-8 fromCache=false url=https://bizapi.csdn.net/blog-console-api/v3/editor/getArticle?id=163235467&model_type=

    at fetchArticleData (file:///home/ecs-user/csdn-blogs-export/index.js:533:15)

    at runMicrotasks (<anonymous>)

    at processTicksAndRejections (node:internal/process/task_queues:96:5)

    at async downloadArticles (file:///home/ecs-user/csdn-blogs-export/index.js:1624:38)

    at async file:///home/ecs-user/csdn-blogs-export/index.js:163:9

已保存失败样本日志：logs/fail-163158740-2026-09-11T01-55-43-293Z.json

进行第1次重试

初始化浏览器。

原生Cookie文件(./cookie.txt.native.json)不存在，尝试使用传统Cookie文件(./cookie.txt)

传统Cookie文件(./cookie.txt)不存在，跳过Cookie导入

未导入任何Cookie

正在处理文章 163158740，URL: https://editor.csdn.net/md?articleId=163158740&spm=1001.2014.3001.5501

[API] 文章 163158740 命中响应：GET 200  fromCache=false url=https://bizapi.csdn.net/blog-console-api/v3/editor/getArticle?id=163158740&model_type=

[API] 响应诊断信息： {"method":"GET","url":"https://bizapi.csdn.net/blog-console-api/v3/editor/getArticle?id=163158740&model_type=","status":200,"statusText":"","ok":true,"fromCache":false,"fromServiceWorker":false,"resourceType":"xhr","postData":null,"failure":null,"headers":{"access-control-allow-methods":"GET, POST, PUT, DELETE, OPTIONS","access-control-allow-origin":"https://editor.csdn.net","access-control-max-age":"86400","content-type":"application/json;charset=utf-8","vary":"Origin"}}

文章 163158740 下载成功，保存到 /var/www/docker/flatnotes/data/163158740-Chrome 油猴插件（Tampermonkey）脚本精选.md

处理进度: 32 / 39

已删除文章 105025598 的文件：/var/www/docker/flatnotes/data/105025598-Chrome插件精选-2026更新.md

正在处理文章 105025598，URL: https://editor.csdn.net/md?articleId=105025598&spm=1001.2014.3001.5501

[API] 文章 105025598 命中响应：GET 200  fromCache=false url=https://bizapi.csdn.net/blog-console-api/v3/editor/getArticle?id=163158740&model_type=

[API] 响应诊断信息： {"method":"GET","url":"https://bizapi.csdn.net/blog-console-api/v3/editor/getArticle?id=163158740&model_type=","status":200,"statusText":"","ok":true,"fromCache":false,"fromServiceWorker":false,"resourceType":"xhr","postData":null,"failure":null,"headers":{"access-control-allow-methods":"GET, POST, PUT, DELETE, OPTIONS","access-control-allow-origin":"https://app-blog.csdn.net","access-control-max-age":"86400","content-type":"application/json;charset=utf-8","vary":"Origin"}}

处理文章 105025598 时发生错误：命中空响应体（无法读取body）：method=GET status=200 contentType=application/json;charset=utf-8 fromCache=false url=https://bizapi.csdn.net/blog-console-api/v3/editor/getArticle?id=163158740&model_type=

Error: 命中空响应体（无法读取body）：method=GET status=200 contentType=application/json;charset=utf-8 fromCache=false url=https://bizapi.csdn.net/blog-console-api/v3/editor/getArticle?id=163158740&model_type=

    at fetchArticleData (file:///home/ecs-user/csdn-blogs-export/index.js:533:15)

    at runMicrotasks (<anonymous>)

    at processTicksAndRejections (node:internal/process/task_queues:96:5)

    at async downloadArticles (file:///home/ecs-user/csdn-blogs-export/index.js:1624:38)

    at async file:///home/ecs-user/csdn-blogs-export/index.js:163:9

已保存失败样本日志：logs/fail-105025598-2026-09-11T01-55-52-115Z.json

进行第1次重试

初始化浏览器。

原生Cookie文件(./cookie.txt.native.json)不存在，尝试使用传统Cookie文件(./cookie.txt)

传统Cookie文件(./cookie.txt)不存在，跳过Cookie导入

未导入任何Cookie

正在处理文章 105025598，URL: https://editor.csdn.net/md?articleId=105025598&spm=1001.2014.3001.5501

[API] 文章 105025598 命中响应：GET 200  fromCache=false url=https://bizapi.csdn.net/blog-console-api/v3/editor/getArticle?id=105025598&model_type=

[API] 响应诊断信息： {"method":"GET","url":"https://bizapi.csdn.net/blog-console-api/v3/editor/getArticle?id=105025598&model_type=","status":200,"statusText":"","ok":true,"fromCache":false,"fromServiceWorker":false,"resourceType":"xhr","postData":null,"failure":null,"headers":{"access-control-allow-methods":"GET, POST, PUT, DELETE, OPTIONS","access-control-allow-origin":"https://editor.csdn.net","access-control-max-age":"86400","content-type":"application/json;charset=utf-8","vary":"Origin"}}

文章 105025598 下载成功，保存到 /var/www/docker/flatnotes/data/105025598-Chrome插件精选-2026更新.md

处理进度: 33 / 39

已删除文章 163130973 的文件：/var/www/docker/flatnotes/data/163130973-绿源电动车将NFC卡片（公交卡-手机-手环虚拟卡）添加为车钥匙的通用方法.md

正在处理文章 163130973，URL: https://editor.csdn.net/md?articleId=163130973&spm=1001.2014.3001.5501

[API] 文章 163130973 命中响应：GET 200  fromCache=false url=https://bizapi.csdn.net/blog-console-api/v3/editor/getArticle?id=105025598&model_type=

[API] 响应诊断信息： {"method":"GET","url":"https://bizapi.csdn.net/blog-console-api/v3/editor/getArticle?id=105025598&model_type=","status":200,"statusText":"","ok":true,"fromCache":false,"fromServiceWorker":false,"resourceType":"xhr","postData":null,"failure":null,"headers":{"access-control-allow-methods":"GET, POST, PUT, DELETE, OPTIONS","access-control-allow-origin":"https://app-blog.csdn.net","access-control-max-age":"86400","content-type":"application/json;charset=utf-8","vary":"Origin"}}

处理文章 163130973 时发生错误：命中空响应体（无法读取body）：method=GET status=200 contentType=application/json;charset=utf-8 fromCache=false url=https://bizapi.csdn.net/blog-console-api/v3/editor/getArticle?id=105025598&model_type=

Error: 命中空响应体（无法读取body）：method=GET status=200 contentType=application/json;charset=utf-8 fromCache=false url=https://bizapi.csdn.net/blog-console-api/v3/editor/getArticle?id=105025598&model_type=

    at fetchArticleData (file:///home/ecs-user/csdn-blogs-export/index.js:533:15)

    at runMicrotasks (<anonymous>)

    at processTicksAndRejections (node:internal/process/task_queues:96:5)

    at async downloadArticles (file:///home/ecs-user/csdn-blogs-export/index.js:1624:38)

    at async file:///home/ecs-user/csdn-blogs-export/index.js:163:9

已保存失败样本日志：logs/fail-163130973-2026-09-11T01-56-02-234Z.json

进行第1次重试

初始化浏览器。

原生Cookie文件(./cookie.txt.native.json)不存在，尝试使用传统Cookie文件(./cookie.txt)

传统Cookie文件(./cookie.txt)不存在，跳过Cookie导入

未导入任何Cookie

正在处理文章 163130973，URL: https://editor.csdn.net/md?articleId=163130973&spm=1001.2014.3001.5501

[API] 文章 163130973 命中响应：GET 200  fromCache=false url=https://bizapi.csdn.net/blog-console-api/v3/editor/getArticle?id=163130973&model_type=

[API] 响应诊断信息： {"method":"GET","url":"https://bizapi.csdn.net/blog-console-api/v3/editor/getArticle?id=163130973&model_type=","status":200,"statusText":"","ok":true,"fromCache":false,"fromServiceWorker":false,"resourceType":"xhr","postData":null,"failure":null,"headers":{"access-control-allow-methods":"GET, POST, PUT, DELETE, OPTIONS","access-control-allow-origin":"https://editor.csdn.net","access-control-max-age":"86400","content-type":"application/json;charset=utf-8","vary":"Origin"}}

文章 163130973 内容为空，跳过。

正在处理文章 163130973，URL: https://editor.csdn.net/md?articleId=163130973&spm=1001.2014.3001.5501

[API] 文章 163130973 命中响应：GET 200  fromCache=false url=https://bizapi.csdn.net/blog-console-api/v3/editor/getArticle?id=163130973&model_type=

[API] 响应诊断信息： {"method":"GET","url":"https://bizapi.csdn.net/blog-console-api/v3/editor/getArticle?id=163130973&model_type=","status":200,"statusText":"","ok":true,"fromCache":false,"fromServiceWorker":false,"resourceType":"xhr","postData":null,"failure":null,"headers":{"access-control-allow-methods":"GET, POST, PUT, DELETE, OPTIONS","access-control-allow-origin":"https://editor.csdn.net","access-control-max-age":"86400","content-type":"application/json;charset=utf-8","vary":"Origin"}}

文章 163130973 下载成功，保存到 /var/www/docker/flatnotes/data/163130973-绿源电动车将NFC卡片（公交卡-手机-手环虚拟卡）添加为车钥匙的通用方法.md

处理进度: 34 / 39

已删除文章 163023972 的文件：/var/www/docker/flatnotes/data/163023972-Oh My Zsh 简记.md

正在处理文章 163023972，URL: https://editor.csdn.net/md?articleId=163023972&spm=1001.2014.3001.5501

[API] 文章 163023972 命中响应：GET 200  fromCache=false url=https://bizapi.csdn.net/blog-console-api/v3/editor/getArticle?id=163023972&model_type=

[API] 响应诊断信息： {"method":"GET","url":"https://bizapi.csdn.net/blog-console-api/v3/editor/getArticle?id=163023972&model_type=","status":200,"statusText":"","ok":true,"fromCache":false,"fromServiceWorker":false,"resourceType":"xhr","postData":null,"failure":null,"headers":{"access-control-allow-methods":"GET, POST, PUT, DELETE, OPTIONS","access-control-allow-origin":"https://editor.csdn.net","access-control-max-age":"86400","content-type":"application/json;charset=utf-8","vary":"Origin"}}

文章 163023972 下载成功，保存到 /var/www/docker/flatnotes/data/163023972-Oh My Zsh 简记.md

处理进度: 35 / 39

已删除文章 163103742 的文件：/var/www/docker/flatnotes/data/163103742-VMWare官网（broadcom）下载时遇到“Account verification is Pending. Please try after some time.”错误的解决办法.md

正在处理文章 163103742，URL: https://editor.csdn.net/md?articleId=163103742&spm=1001.2014.3001.5501

[API] 文章 163103742 命中响应：GET 200  fromCache=false url=https://bizapi.csdn.net/blog-console-api/v3/editor/getArticle?id=163103742&model_type=

[API] 响应诊断信息： {"method":"GET","url":"https://bizapi.csdn.net/blog-console-api/v3/editor/getArticle?id=163103742&model_type=","status":200,"statusText":"","ok":true,"fromCache":false,"fromServiceWorker":false,"resourceType":"xhr","postData":null,"failure":null,"headers":{"access-control-allow-methods":"GET, POST, PUT, DELETE, OPTIONS","access-control-allow-origin":"https://editor.csdn.net","access-control-max-age":"86400","content-type":"application/json;charset=utf-8","vary":"Origin"}}

文章 163103742 下载成功，保存到 /var/www/docker/flatnotes/data/163103742-VMWare官网（broadcom）下载时遇到“Account verification is Pending. Please try after some time.”错误的解决办法.md

处理进度: 36 / 39

已删除文章 163042861 的文件：/var/www/docker/flatnotes/data/163042861-豆包专业版收费模式解析：2026年7月.md

正在处理文章 163042861，URL: https://editor.csdn.net/md?articleId=163042861&spm=1001.2014.3001.5501

[API] 文章 163042861 命中响应：GET 200  fromCache=false url=https://bizapi.csdn.net/blog-console-api/v3/editor/getArticle?id=163042861&model_type=

[API] 响应诊断信息： {"method":"GET","url":"https://bizapi.csdn.net/blog-console-api/v3/editor/getArticle?id=163042861&model_type=","status":200,"statusText":"","ok":true,"fromCache":false,"fromServiceWorker":false,"resourceType":"xhr","postData":null,"failure":null,"headers":{"access-control-allow-methods":"GET, POST, PUT, DELETE, OPTIONS","access-control-allow-origin":"https://editor.csdn.net","access-control-max-age":"86400","content-type":"application/json;charset=utf-8","vary":"Origin"}}

文章 163042861 下载成功，保存到 /var/www/docker/flatnotes/data/163042861-豆包专业版收费模式解析：2026年7月.md

处理进度: 37 / 39

已删除文章 155397264 的文件：/var/www/docker/flatnotes/data/155397264-IDE简记：2026更新.md

正在处理文章 155397264，URL: https://editor.csdn.net/md?articleId=155397264&spm=1001.2014.3001.5501

[API] 文章 155397264 命中响应：GET 200  fromCache=false url=https://bizapi.csdn.net/blog-console-api/v3/editor/getArticle?id=163042861&model_type=

[API] 响应诊断信息： {"method":"GET","url":"https://bizapi.csdn.net/blog-console-api/v3/editor/getArticle?id=163042861&model_type=","status":200,"statusText":"","ok":true,"fromCache":false,"fromServiceWorker":false,"resourceType":"xhr","postData":null,"failure":null,"headers":{"access-control-allow-methods":"GET, POST, PUT, DELETE, OPTIONS","access-control-allow-origin":"https://app-blog.csdn.net","access-control-max-age":"86400","content-type":"application/json;charset=utf-8","vary":"Origin"}}

处理文章 155397264 时发生错误：命中空响应体（无法读取body）：method=GET status=200 contentType=application/json;charset=utf-8 fromCache=false url=https://bizapi.csdn.net/blog-console-api/v3/editor/getArticle?id=163042861&model_type=

Error: 命中空响应体（无法读取body）：method=GET status=200 contentType=application/json;charset=utf-8 fromCache=false url=https://bizapi.csdn.net/blog-console-api/v3/editor/getArticle?id=163042861&model_type=

    at fetchArticleData (file:///home/ecs-user/csdn-blogs-export/index.js:533:15)

    at runMicrotasks (<anonymous>)

    at processTicksAndRejections (node:internal/process/task_queues:96:5)

    at async downloadArticles (file:///home/ecs-user/csdn-blogs-export/index.js:1624:38)

    at async file:///home/ecs-user/csdn-blogs-export/index.js:163:9

已保存失败样本日志：logs/fail-155397264-2026-09-11T01-57-05-588Z.json

进行第1次重试

初始化浏览器。

原生Cookie文件(./cookie.txt.native.json)不存在，尝试使用传统Cookie文件(./cookie.txt)

传统Cookie文件(./cookie.txt)不存在，跳过Cookie导入

未导入任何Cookie

正在处理文章 155397264，URL: https://editor.csdn.net/md?articleId=155397264&spm=1001.2014.3001.5501

[API] 文章 155397264 命中响应：GET 200  fromCache=false url=https://bizapi.csdn.net/blog-console-api/v3/editor/getArticle?id=155397264&model_type=

[API] 响应诊断信息： {"method":"GET","url":"https://bizapi.csdn.net/blog-console-api/v3/editor/getArticle?id=155397264&model_type=","status":200,"statusText":"","ok":true,"fromCache":false,"fromServiceWorker":false,"resourceType":"xhr","postData":null,"failure":null,"headers":{"access-control-allow-methods":"GET, POST, PUT, DELETE, OPTIONS","access-control-allow-origin":"https://editor.csdn.net","access-control-max-age":"86400","content-type":"application/json;charset=utf-8","vary":"Origin"}}

文章 155397264 下载成功，保存到 /var/www/docker/flatnotes/data/155397264-IDE简记：2026更新.md

处理进度: 38 / 39

已删除文章 163021995 的文件：/var/www/docker/flatnotes/data/163021995-AI IDE 选择和资费详解：2026年7月.md

正在处理文章 163021995，URL: https://editor.csdn.net/md?articleId=163021995&spm=1001.2014.3001.5501

[API] 文章 163021995 命中响应：GET 200  fromCache=false url=https://bizapi.csdn.net/blog-console-api/v3/editor/getArticle?id=155397264&model_type=

[API] 响应诊断信息： {"method":"GET","url":"https://bizapi.csdn.net/blog-console-api/v3/editor/getArticle?id=155397264&model_type=","status":200,"statusText":"","ok":true,"fromCache":false,"fromServiceWorker":false,"resourceType":"xhr","postData":null,"failure":null,"headers":{"access-control-allow-methods":"GET, POST, PUT, DELETE, OPTIONS","access-control-allow-origin":"https://app-blog.csdn.net","access-control-max-age":"86400","content-type":"application/json;charset=utf-8","vary":"Origin"}}

处理文章 163021995 时发生错误：命中空响应体（无法读取body）：method=GET status=200 contentType=application/json;charset=utf-8 fromCache=false url=https://bizapi.csdn.net/blog-console-api/v3/editor/getArticle?id=155397264&model_type=

Error: 命中空响应体（无法读取body）：method=GET status=200 contentType=application/json;charset=utf-8 fromCache=false url=https://bizapi.csdn.net/blog-console-api/v3/editor/getArticle?id=155397264&model_type=

    at fetchArticleData (file:///home/ecs-user/csdn-blogs-export/index.js:533:15)

    at runMicrotasks (<anonymous>)

    at processTicksAndRejections (node:internal/process/task_queues:96:5)

    at async downloadArticles (file:///home/ecs-user/csdn-blogs-export/index.js:1624:38)                                                                 22,3         顶端

    at async file:///home/ecs-user/csdn-blogs-export/index.js:163:9

已保存失败样本日志：logs/fail-163021995-2026-09-11T01-57-16-418Z.json

进行第1次重试

初始化浏览器。

原生Cookie文件(./cookie.txt.native.json)不存在，尝试使用传统Cookie文件(./cookie.txt)

传统Cookie文件(./cookie.txt)不存在，跳过Cookie导入

未导入任何Cookie

正在处理文章 163021995，URL: https://editor.csdn.net/md?articleId=163021995&spm=1001.2014.3001.5501

[API] 文章 163021995 命中响应：GET 200  fromCache=false url=https://bizapi.csdn.net/blog-console-api/v3/editor/getArticle?id=163021995&model_type=

[API] 响应诊断信息： {"method":"GET","url":"https://bizapi.csdn.net/blog-console-api/v3/editor/getArticle?id=163021995&model_type=","status":200,"statusText":"","ok":true,"fromCache":false,"fromServiceWorker":false,"resourceType":"xhr","postData":null,"failure":null,"headers":{"access-control-allow-methods":"GET, POST, PUT, DELETE, OPTIONS","access-control-allow-origin":"https://editor.csdn.net","access-control-max-age":"86400","content-type":"application/json;charset=utf-8","vary":"Origin"}}

文章 163021995 下载成功，保存到 /var/www/docker/flatnotes/data/163021995-AI IDE 选择和资费详解：2026年7月.md

处理进度: 39 / 39

开始对文件进行后处理。

文件处理完成

CSDN导出任务结束！